Product: MDK-ARM Professional 5.10
Component: ARM Compiler 5.04 update 1 (build 49)
Tool: armlink [5040049]

==============================================================================

Section Cross References

    startup_stm32f10x_hd.o(RESET) refers to startup_stm32f10x_hd.o(.text) for Reset_Handler
    startup_stm32f10x_hd.o(RESET) refers to stm32f10x_it.o(.text) for NMI_Handler
    startup_stm32f10x_hd.o(.text) refers to startup_stm32f10x_hd.o(STACK) for __initial_sp
    startup_stm32f10x_hd.o(.text) refers to entry.o(.ARM.Collect$$$$00000000) for __main
    main.o(.text) refers to system_stm32f10x.o(.text) for SystemInit
    main.o(.text) refers to usart1.o(.text) for USART1_Config
    main.o(.text) refers to adc.o(.text) for ADC1_Init
    main.o(.text) refers to led.o(.text) for LED_GPIO_Config
    main.o(.text) refers to timer3.o(.text) for TIM3_NVIC_Configuration
    main.o(.text) refers to stm32f10x_rcc.o(.text) for RCC_APB1PeriphClockCmd
    main.o(.text) refers to stm32f10x_tim.o(.text) for TIM_Cmd
    main.o(.text) refers to pwm_output.o(.text) for TIM1_PWM_Init
    main.o(.text) refers to stm32f10x_usart.o(.text) for USART_GetFlagStatus
    main.o(.text) refers to fmul.o(.text) for __aeabi_fmul
    main.o(.text) refers to pid.o(.text) for ssin
    main.o(.text) refers to f2d.o(.text) for __aeabi_f2d
    main.o(.text) refers to dadd.o(.text) for __aeabi_dadd
    main.o(.text) refers to d2f.o(.text) for __aeabi_d2f
    main.o(.text) refers to printf1.o(i.__0printf$1) for __2printf
    main.o(.text) refers to ffltui.o(.text) for __aeabi_ui2f
    main.o(.text) refers to dmul.o(.text) for __aeabi_dmul
    main.o(.text) refers to ddiv.o(.text) for __aeabi_ddiv
    main.o(.text) refers to dfixi.o(.text) for __aeabi_d2iz
    main.o(.text) refers to main.o(.data) for time3
    main.o(.text) refers to adc.o(.data) for ADC_ConvertedValue
    main.o(.data) refers to main.o(.bss) for position
    stm32f10x_it.o(.text) refers to stm32f10x_tim.o(.text) for TIM_GetITStatus
    stm32f10x_it.o(.text) refers to stm32f10x_usart.o(.text) for USART_GetITStatus
    stm32f10x_it.o(.text) refers to main.o(.data) for time3
    stm32f10x_it.o(.text) refers to main.o(.bss) for aRxBuffer
    stm32f10x_it.o(.text) refers to stm32f10x_it.o(.data) for io
    usart1.o(.text) refers to stm32f10x_rcc.o(.text) for RCC_APB2PeriphClockCmd
    usart1.o(.text) refers to stm32f10x_gpio.o(.text) for GPIO_Init
    usart1.o(.text) refers to stm32f10x_usart.o(.text) for USART_Init
    usart1.o(.text) refers to misc.o(.text) for NVIC_PriorityGroupConfig
    usart1.o(.text) refers to usart1.o(.data) for words
    adc.o(.text) refers to stm32f10x_rcc.o(.text) for RCC_APB2PeriphClockCmd
    adc.o(.text) refers to stm32f10x_gpio.o(.text) for GPIO_Init
    adc.o(.text) refers to stm32f10x_dma.o(.text) for DMA_DeInit
    adc.o(.text) refers to stm32f10x_adc.o(.text) for ADC_Init
    adc.o(.text) refers to adc.o(.data) for ADC_ConvertedValue
    led.o(.text) refers to stm32f10x_rcc.o(.text) for RCC_APB2PeriphClockCmd
    led.o(.text) refers to stm32f10x_gpio.o(.text) for GPIO_Init
    timer3.o(.text) refers to misc.o(.text) for NVIC_PriorityGroupConfig
    timer3.o(.text) refers to stm32f10x_rcc.o(.text) for RCC_APB1PeriphClockCmd
    timer3.o(.text) refers to stm32f10x_tim.o(.text) for TIM_DeInit
    pwm_output.o(.text) refers to stm32f10x_rcc.o(.text) for RCC_APB2PeriphClockCmd
    pwm_output.o(.text) refers to stm32f10x_gpio.o(.text) for GPIO_Init
    pwm_output.o(.text) refers to stm32f10x_tim.o(.text) for TIM_TimeBaseInit
    pwm_output.o(.text) refers to main.o(.data) for pwm
    pwm_output.o(.text) refers to adc.o(.data) for ADC_ConvertedValue
    wave_filtering.o(.text) refers to usart1.o(.text) for Delayms1
    wave_filtering.o(.text) refers to adc.o(.data) for ADC_ConvertedValue
    wave_filtering.o(.text) refers to wave_filtering.o(.bss) for value_buf
    wave_filtering.o(.text) refers to wave_filtering.o(.data) for i
    pid.o(.text) refers to dfltui.o(.text) for __aeabi_ui2d
    pid.o(.text) refers to dflti.o(.text) for __aeabi_i2d
    pid.o(.text) refers to dadd.o(.text) for __aeabi_dadd
    pid.o(.text) refers to cdcmple.o(.text) for __aeabi_cdcmple
    pid.o(.text) refers to cdrcmple.o(.text) for __aeabi_cdrcmple
    pid.o(.text) refers to dmul.o(.text) for __aeabi_dmul
    pid.o(.text) refers to dfixi.o(.text) for __aeabi_d2iz
    pid.o(.text) refers to fflti.o(.text) for __aeabi_i2f
    pid.o(.text) refers to cfrcmple.o(.text) for __aeabi_cfrcmple
    pid.o(.text) refers to ffixi.o(.text) for __aeabi_f2iz
    pid.o(.text) refers to cfcmple.o(.text) for __aeabi_cfcmple
    pid.o(.text) refers to pwm_output.o(.text) for setMotorSpeed
    pid.o(.text) refers to ddiv.o(.text) for __aeabi_ddiv
    pid.o(.text) refers to fadd.o(.text) for __aeabi_fsub
    pid.o(.text) refers to f2d.o(.text) for __aeabi_f2d
    pid.o(.text) refers to sin.o(i.sin) for sin
    pid.o(.text) refers to pid.o(.data) for now
[...]
    printf8.o(i.__0vprintf$8) refers to usart1.o(.text) for fputc
    printf8.o(i.__0vprintf$8) refers to stdout.o(.data) for __stdout
    printf8.o(i.__0vsnprintf$8) refers to printf8.o(i._printf_core) for _printf_core
    printf8.o(i.__0vsnprintf$8) refers to printf8.o(i._snputc) for _snputc
    printf8.o(i.__0vsprintf$8) refers to printf8.o(i._printf_core) for _printf_core
    printf8.o(i.__0vsprintf$8) refers to printf8.o(i._sputc) for _sputc
    printf8.o(i._printf_core) refers to printf8.o(i._printf_pre_padding) for _printf_pre_padding
    printf8.o(i._printf_core) refers to uldiv.o(.text) for __aeabi_uldivmod
    printf8.o(i._printf_core) refers to printf8.o(i._printf_post_padding) for _printf_post_padding
    printfa.o(i.__0fprintf) refers (Special) to iusefp.o(.text) for __I$use$fp
    printfa.o(i.__0fprintf) refers to printfa.o(i._printf_core) for _printf_core
    printfa.o(i.__0fprintf) refers to usart1.o(.text) for fputc
    printfa.o(i.__0printf) refers (Special) to iusefp.o(.text) for __I$use$fp
    printfa.o(i.__0printf) refers to printfa.o(i._printf_core) for _printf_core
    printfa.o(i.__0printf) refers to usart1.o(.text) for fputc
    printfa.o(i.__0printf) refers to stdout.o(.data) for __stdout
    printfa.o(i.__0snprintf) refers (Special) to iusefp.o(.text) for __I$use$fp
    printfa.o(i.__0snprintf) refers to printfa.o(i._printf_core) for _printf_core
    printfa.o(i.__0snprintf) refers to printfa.o(i._snputc) for _snputc
    printfa.o(i.__0sprintf) refers (Special) to iusefp.o(.text) for __I$use$fp
    printfa.o(i.__0sprintf) refers to printfa.o(i._printf_core) for _printf_core
    printfa.o(i.__0sprintf) refers to printfa.o(i._sputc) for _sputc
    printfa.o(i.__0vfprintf) refers (Special) to iusefp.o(.text) for __I$use$fp
    printfa.o(i.__0vfprintf) refers to printfa.o(i._printf_core) for _printf_core
    printfa.o(i.__0vfprintf) refers to usart1.o(.text) for fputc
    printfa.o(i.__0vprintf) refers (Special) to iusefp.o(.text) for __I$use$fp
    printfa.o(i.__0vprintf) refers to printfa.o(i._printf_core) for _printf_core
    printfa.o(i.__0vprintf) refers to usart1.o(.text) for fputc
    printfa.o(i.__0vprintf) refers to stdout.o(.data) for __stdout
    printfa.o(i.__0vsnprintf) refers (Special) to iusefp.o(.text) for __I$use$fp
    printfa.o(i.__0vsnprintf) refers to printfa.o(i._printf_core) for _printf_core
    printfa.o(i.__0vsnprintf) refers to printfa.o(i._snputc) for _snputc
    printfa.o(i.__0vsprintf) refers (Special) to iusefp.o(.text) for __I$use$fp
    printfa.o(i.__0vsprintf) refers to printfa.o(i._printf_core) for _printf_core
    printfa.o(i.__0vsprintf) refers to printfa.o(i._sputc) for _sputc
    printfa.o(i._fp_digits) refers (Special) to iusefp.o(.text) for __I$use$fp
    printfa.o(i._fp_digits) refers to dmul.o(.text) for __aeabi_dmul
    printfa.o(i._fp_digits) refers to ddiv.o(.text) for __aeabi_ddiv
    printfa.o(i._fp_digits) refers to cdrcmple.o(.text) for __aeabi_cdrcmple
    printfa.o(i._fp_digits) refers to dadd.o(.text) for __aeabi_dadd
    printfa.o(i._fp_digits) refers to dfixul.o(.text) for __aeabi_d2ulz
    printfa.o(i._fp_digits) refers to uldiv.o(.text) for __aeabi_uldivmod
    printfa.o(i._printf_core) refers (Special) to iusefp.o(.text) for __I$use$fp
    printfa.o(i._printf_core) refers to printfa.o(i._printf_pre_padding) for _printf_pre_padding
    printfa.o(i._printf_core) refers to uldiv.o(.text) for __aeabi_uldivmod
    printfa.o(i._printf_core) refers to printfa.o(i._printf_post_padding) for _printf_post_padding
    printfa.o(i._printf_core) refers to printfa.o(i._fp_digits) for _fp_digits
    printfa.o(i._printf_core) refers to uidiv.o(.text) for __aeabi_uidivmod
    printfa.o(i._printf_post_padding) refers (Special) to iusefp.o(.text) for __I$use$fp
    printfa.o(i._printf_pre_padding) refers (Special) to iusefp.o(.text) for __I$use$fp
    printfa.o(i._snputc) refers (Special) to iusefp.o(.text) for __I$use$fp
    printfa.o(i._sputc) refers (Special) to iusefp.o(.text) for __I$use$fp
    fadd.o(.text) refers (Special) to iusefp.o(.text) for __I$use$fp
    fadd.o(.text) refers to fepilogue.o(.text) for _float_epilogue
    fmul.o(.text) refers (Special) to iusefp.o(.text) for __I$use$fp
    dadd.o(.text) refers (Special) to iusefp.o(.text) for __I$use$fp
    dadd.o(.text) refers to llshl.o(.text) for __aeabi_llsl
    dadd.o(.text) refers to llsshr.o(.text) for __aeabi_lasr
    dadd.o(.text) refers to depilogue.o(.text) for _double_epilogue
    dmul.o(.text) refers (Special) to iusefp.o(.text) for __I$use$fp
    dmul.o(.text) refers to depilogue.o(.text) for _double_epilogue
    ddiv.o(.text) refers (Special) to iusefp.o(.text) for __I$use$fp
    ddiv.o(.text) refers to depilogue.o(.text) for _double_round
    fflti.o(.text) refers (Special) to iusefp.o(.text) for __I$use$fp
    fflti.o(.text) refers to fepilogue.o(.text) for _float_epilogue
    ffltui.o(.text) refers (Special) to iusefp.o(.text) for __I$use$fp
    ffltui.o(.text) refers to fepilogue.o(.text) for _float_epilogue
    dflti.o(.text) refers (Special) to iusefp.o(.text) for __I$use$fp
    dflti.o(.text) refers to depilogue.o(.text) for _double_epilogue
    dfltui.o(.text) refers (Special) to iusefp.o(.text) for __I$use$fp
    dfltui.o(.text) refers to depilogue.o(.text) for _double_epilogue
    ffixi.o(.text) refers (Special) to iusefp.o(.text) for __I$use$fp
    dfixi.o(.text) refers (Special) to iusefp.o(.text) for __I$use$fp
    dfixi.o(.text) refers to llushr.o(.text) for __aeabi_llsr
    f2d.o(.text) refers (Special) to iusefp.o(.text) for __I$use$fp
    cdcmple.o(.text) refers (Special) to iusefp.o(.text) for __I$use$fp
    cdrcmple.o(.text) refers (Special) to iusefp.o(.text) for __I$use$fp
    d2f.o(.text) refers (Special) to iusefp.o(.text) for __I$use$fp
    d2f.o(.text) refers to fepilogue.o(.text) for _float_round
    cfcmple.o(.text) refers (Special) to iusefp.o(.text) for __I$use$fp
    cfrcmple.o(.text) refers (Special) to iusefp.o(.text) for __I$use$fp
    cos_i.o(i.__kernel_cos) refers (Special) to iusefp.o(.text) for __I$use$fp
    cos_i.o(i.__kernel_cos) refers to dfixi.o(.text) for __aeabi_d2iz
    cos_i.o(i.__kernel_cos) refers to dmul.o(.text) for __aeabi_dmul
    cos_i.o(i.__kernel_cos) refers to poly.o(i.__kernel_poly) for __kernel_poly
    cos_i.o(i.__kernel_cos) refers to dadd.o(.text) for __aeabi_dsub
    cos_i.o(i.__kernel_cos) refers to dscalb.o(.text) for __ARM_scalbn
    cos_i.o(i.__kernel_cos) refers to cos_i.o(.constdata) for .constdata
    cos_i.o(.constdata) refers (Special) to iusefp.o(.text) for __I$use$fp
    rred.o(i.__ieee754_rem_pio2) refers (Special) to iusefp.o(.text) for __I$use$fp
    rred.o(i.__ieee754_rem_pio2) refers to dadd.o(.text) for __aeabi_dsub
    rred.o(i.__ieee754_rem_pio2) refers to dmul.o(.text) for __aeabi_dmul
    rred.o(i.__ieee754_rem_pio2) refers to dfixi.o(.text) for __aeabi_d2iz
    rred.o(i.__ieee754_rem_pio2) refers to dflti.o(.text) for __aeabi_i2d
    rred.o(i.__ieee754_rem_pio2) refers to dfltui.o(.text) for __aeabi_ui2d
    rred.o(i.__ieee754_rem_pio2) refers to dscalb.o(.text) for __ARM_scalbn
    rred.o(i.__ieee754_rem_pio2) refers to rred.o(.constdata) for .constdata
    rred.o(i.__use_accurate_range_reduction) refers (Special) to iusefp.o(.text) for __I$use$fp
    rred.o(.constdata) refers (Special) to iusefp.o(.text) for __I$use$fp
    sin_i.o(i.__kernel_sin) refers (Special) to iusefp.o(.text) for __I$use$fp
    sin_i.o(i.__kernel_sin) refers to fpclassify.o(i.__ARM_fpclassify) for __ARM_fpclassify
    sin_i.o(i.__kernel_sin) refers to dunder.o(i.__mathlib_dbl_underflow) for __mathlib_dbl_underflow
    sin_i.o(i.__kernel_sin) refers to dmul.o(.text) for __aeabi_dmul
    sin_i.o(i.__kernel_sin) refers to poly.o(i.__kernel_poly) for __kernel_poly
    sin_i.o(i.__kernel_sin) refers to dscalb.o(.text) for __ARM_scalbn
    sin_i.o(i.__kernel_sin) refers to dadd.o(.text) for __aeabi_dsub
    sin_i.o(i.__kernel_sin) refers to sin_i.o(.constdata) for .constdata
    sin_i.o(.constdata) refers (Special) to iusefp.o(.text) for __I$use$fp
    sin_i_x.o(i.____kernel_sin$lsc) refers (Special) to iusefp.o(.text) for __I$use$fp
    sin_i_x.o(i.____kernel_sin$lsc) refers to dmul.o(.text) for __aeabi_dmul
    sin_i_x.o(i.____kernel_sin$lsc) refers to poly.o(i.__kernel_poly) for __kernel_poly
    sin_i_x.o(i.____kernel_sin$lsc) refers to dscalb.o(.text) for __ARM_scalbn
    sin_i_x.o(i.____kernel_sin$lsc) refers to dadd.o(.text) for __aeabi_dsub
    sin_i_x.o(i.____kernel_sin$lsc) refers to sin_i_x.o(.constdata) for .constdata
    sin_i_x.o(.constdata) refers (Special) to iusefp.o(.text) for __I$use$fp
    entry2.o(.ARM.Collect$$$$00000001) refers to entry2.o(.ARM.Collect$$$$00002712) for __lit__00000000
    entry2.o(.ARM.Collect$$$$00002712) refers to startup_stm32f10x_hd.o(STACK) for __initial_sp
    entry2.o(__vectab_stack_and_reset_area) refers to startup_stm32f10x_hd.o(STACK) for __initial_sp
    entry2.o(__vectab_stack_and_reset_area) refers to entry.o(.ARM.Collect$$$$00000000) for __main
    entry5.o(.ARM.Collect$$$$00000004) refers to init.o(.text) for __scatterload
    entry9a.o(.ARM.Collect$$$$0000000B) refers to main.o(.text) for main
    entry9b.o(.ARM.Collect$$$$0000000C) refers to main.o(.text) for main
    uldiv.o(.text) refers to llushr.o(.text) for __aeabi_llsr
    uldiv.o(.text) refers to llshl.o(.text) for __aeabi_llsl
    errno.o(i.__aeabi_errno_addr) refers to errno.o(.data) for .data
    errno.o(i.__read_errno) refers to errno.o(.data) for .data
    errno.o(i.__set_errno) refers to errno.o(.data) for .data
    depilogue.o(.text) refers to llshl.o(.text) for __aeabi_llsl
    depilogue.o(.text) refers to llushr.o(.text) for __aeabi_llsr
    dfixul.o(.text) refers to llushr.o(.text) for __aeabi_llsr
    dfixul.o(.text) refers to llshl.o(.text) for __aeabi_llsl
    dunder.o(i.__mathlib_dbl_underflow) refers to dscalb.o(.text) for __ARM_scalbn
    fpclassify.o(i.__ARM_fpclassify) refers (Special) to iusefp.o(.text) for __I$use$fp
    poly.o(i.__kernel_poly) refers (Special) to iusefp.o(.text) for __I$use$fp
    poly.o(i.__kernel_poly) refers to dmul.o(.text) for __aeabi_dmul
    poly.o(i.__kernel_poly) refers to dadd.o(.text) for __aeabi_dadd
    init.o(.text) refers to entry5.o(.ARM.Collect$$$$00000004) for __main_after_scatterload


==============================================================================

Removing Unused input sections from the image.

    Removing startup_stm32f10x_hd.o(HEAP), (0 bytes).
    Removing wave_filtering.o(.text), (440 bytes).
    Removing wave_filtering.o(.bss), (72 bytes).
    Removing wave_filtering.o(.data), (12 bytes).
    Removing pid.o(.bss), (20 bytes).
    Removing str2dec.o(.text), (180 bytes).
    Removing stm32f10x_flash.o(.text), (1324 bytes).
    Removing stm32f10x_rtc.o(.text), (328 bytes).
    Removing stm32f10x_exti.o(.text), (320 bytes).
    Removing core_cm3.o(.emb_text), (32 bytes).
    Removing system_stm32f10x.o(.constdata), (20 bytes).
    Removing dfixul.o(.text), (48 bytes).

12 unused section(s) (total 2796 bytes) removed from the image.

==============================================================================

Image Symbol Table

    Local Symbols

    Symbol Name                              Value     Ov Type        Size  Object(Section)

    ../clib/../cmprslib/zerorunl2.c          0x00000000   Number         0  __dczerorl2.o ABSOLUTE
    ../clib/microlib/division.c              0x00000000   Number         0  uldiv.o ABSOLUTE
    ../clib/microlib/division.c              0x00000000   Number         0  uidiv.o ABSOLUTE
    ../clib/microlib/errno.c                 0x00000000   Number         0  errno.o ABSOLUTE
    ../clib/microlib/init/entry.s            0x00000000   Number         0  entry11a.o ABSOLUTE
    ../clib/microlib/init/entry.s            0x00000000   Number         0  entry10b.o ABSOLUTE
    ../clib/microlib/init/entry.s            0x00000000   Number         0  entry11b.o ABSOLUTE
    ../clib/microlib/init/entry.s            0x00000000   Number         0  entry8a.o ABSOLUTE
    ../clib/microlib/init/entry.s            0x00000000   Number         0  entry10a.o ABSOLUTE
    ../clib/microlib/init/entry.s            0x00000000   Number         0  entry9b.o ABSOLUTE
    ../clib/microlib/init/entry.s            0x00000000   Number         0  entry9a.o ABSOLUTE
    ../clib/microlib/init/entry.s            0x00000000   Number         0  entry8b.o ABSOLUTE
    ../clib/microlib/init/entry.s            0x00000000   Number         0  entry7b.o ABSOLUTE
    ../clib/microlib/init/entry.s            0x00000000   Number         0  entry7a.o ABSOLUTE
    ../clib/microlib/init/entry.s            0x00000000   Number         0  entry5.o ABSOLUTE
    ../clib/microlib/init/entry.s            0x00000000   Number         0  entry.o ABSOLUTE
    ../clib/microlib/init/entry.s            0x00000000   Number         0  entry2.o ABSOLUTE
    ../clib/microlib/longlong.c              0x00000000   Number         0  llsshr.o ABSOLUTE
    ../clib/microlib/longlong.c              0x00000000   Number         0  llushr.o ABSOLUTE
    ../clib/microlib/longlong.c              0x00000000   Number         0  llshl.o ABSOLUTE
    ../clib/microlib/printf/printf.c         0x00000000   Number         0  printf7.o ABSOLUTE
    ../clib/microlib/printf/printf.c         0x00000000   Number         0  printf2.o ABSOLUTE
    ../clib/microlib/printf/printf.c         0x00000000   Number         0  printf6.o ABSOLUTE
    ../clib/microlib/printf/printf.c         0x00000000   Number         0  printf3.o ABSOLUTE
    ../clib/microlib/printf/printf.c         0x00000000   Number         0  printf4.o ABSOLUTE
    ../clib/microlib/printf/printf.c         0x00000000   Number         0  printf5.o ABSOLUTE
    ../clib/microlib/printf/printf.c         0x00000000   Number         0  printf1.o ABSOLUTE
    ../clib/microlib/printf/printf.c         0x00000000   Number         0  printfa.o ABSOLUTE
    ../clib/microlib/printf/printf.c         0x00000000   Number         0  printf8.o ABSOLUTE
    ../clib/microlib/printf/printf.c         0x00000000   Number         0  printfb.o ABSOLUTE
    ../clib/microlib/printf/printf.c         0x00000000   Number         0  printf0.o ABSOLUTE
    ../clib/microlib/printf/stubs.s          0x00000000   Number         0  stubs.o ABSOLUTE
    ../clib/microlib/stdio/streams.c         0x00000000   Number         0  stdout.o ABSOLUTE
    ../clib/microlib/string/strlen.c         0x00000000   Number         0  strlen.o ABSOLUTE
    ../clib/microlib/stubs.s                 0x00000000   Number         0  iusefp.o ABSOLUTE
    ../fplib/microlib/d2f.c                  0x00000000   Number         0  d2f.o ABSOLUTE
    ../fplib/microlib/f2d.c                  0x00000000   Number         0  f2d.o ABSOLUTE
    ../fplib/microlib/fpadd.c                0x00000000   Number         0  fadd.o ABSOLUTE
    ../fplib/microlib/fpadd.c                0x00000000   Number         0  dadd.o ABSOLUTE
    ../fplib/microlib/fpdiv.c                0x00000000   Number         0  ddiv.o ABSOLUTE
    ../fplib/microlib/fpepilogue.c           0x00000000   Number         0  depilogue.o ABSOLUTE
    ../fplib/microlib/fpepilogue.c           0x00000000   Number         0  fepilogue.o ABSOLUTE
    ../fplib/microlib/fpfix.c                0x00000000   Number         0  dfixi.o ABSOLUTE
    ../fplib/microlib/fpfix.c                0x00000000   Number         0  ffixi.o ABSOLUTE
    ../fplib/microlib/fpfix.c                0x00000000   Number         0  dfixul.o ABSOLUTE
    ../fplib/microlib/fpflt.c                0x00000000   Number         0  dfltui.o ABSOLUTE
    ../fplib/microlib/fpflt.c                0x00000000   Number         0  fflti.o ABSOLUTE
    ../fplib/microlib/fpflt.c                0x00000000   Number         0  dflti.o ABSOLUTE
    ../fplib/microlib/fpflt.c                0x00000000   Number         0  ffltui.o ABSOLUTE
    ../fplib/microlib/fpmul.c                0x00000000   Number         0  dmul.o ABSOLUTE
    ../fplib/microlib/fpmul.c                0x00000000   Number         0  fmul.o ABSOLUTE
    ../fplib/microlib/fpscalb.c              0x00000000   Number         0  dscalb.o ABSOLUTE
    ../mathlib/cos_i.c                       0x00000000   Number         0  cos_i.o ABSOLUTE
    ../mathlib/dunder.c                      0x00000000   Number         0  dunder.o ABSOLUTE
    ../mathlib/fpclassify.c                  0x00000000   Number         0  fpclassify.o ABSOLUTE
    ../mathlib/poly.c                        0x00000000   Number         0  poly.o ABSOLUTE
    ../mathlib/rred.c                        0x00000000   Number         0  rred.o ABSOLUTE
    ../mathlib/sin.c                         0x00000000   Number         0  sin_x.o ABSOLUTE
    ../mathlib/sin.c                         0x00000000   Number         0  sin.o ABSOLUTE
    ../mathlib/sin_i.c                       0x00000000   Number         0  sin_i.o ABSOLUTE
    ../mathlib/sin_i.c                       0x00000000   Number         0  sin_i_x.o ABSOLUTE
    ..\CMSIS\core_cm3.c                      0x00000000   Number         0  core_cm3.o ABSOLUTE
    ..\CMSIS\startup\startup_stm32f10x_hd.s  0x00000000   Number         0  startup_stm32f10x_hd.o ABSOLUTE
    ..\CMSIS\system_stm32f10x.c              0x00000000   Number         0  system_stm32f10x.o ABSOLUTE
    ..\FWlib\src\misc.c                      0x00000000   Number         0  misc.o ABSOLUTE
    ..\FWlib\src\stm32f10x_adc.c             0x00000000   Number         0  stm32f10x_adc.o ABSOLUTE
    ..\FWlib\src\stm32f10x_dma.c             0x00000000   Number         0  stm32f10x_dma.o ABSOLUTE
    ..\FWlib\src\stm32f10x_exti.c            0x00000000   Number         0  stm32f10x_exti.o ABSOLUTE
    ..\FWlib\src\stm32f10x_flash.c           0x00000000   Number         0  stm32f10x_flash.o ABSOLUTE
    ..\FWlib\src\stm32f10x_gpio.c            0x00000000   Number         0  stm32f10x_gpio.o ABSOLUTE
    ..\FWlib\src\stm32f10x_rcc.c             0x00000000   Number         0  stm32f10x_rcc.o ABSOLUTE
    ..\FWlib\src\stm32f10x_rtc.c             0x00000000   Number         0  stm32f10x_rtc.o ABSOLUTE
    ..\FWlib\src\stm32f10x_tim.c             0x00000000   Number         0  stm32f10x_tim.o ABSOLUTE
    ..\FWlib\src\stm32f10x_usart.c           0x00000000   Number         0  stm32f10x_usart.o ABSOLUTE
    ..\\CMSIS\\core_cm3.c                    0x00000000   Number         0  core_cm3.o ABSOLUTE
    PID.c                                    0x00000000   Number         0  pid.o ABSOLUTE
    Wave_filtering.c                         0x00000000   Number         0  wave_filtering.o ABSOLUTE
    adc.c                                    0x00000000   Number         0  adc.o ABSOLUTE
    cdcmple.s                                0x00000000   Number         0  cdcmple.o ABSOLUTE
    cdrcmple.s                               0x00000000   Number         0  cdrcmple.o ABSOLUTE
    cfcmple.s                                0x00000000   Number         0  cfcmple.o ABSOLUTE
    cfrcmple.s                               0x00000000   Number         0  cfrcmple.o ABSOLUTE
    dc.s                                     0x00000000   Number         0  dc.o ABSOLUTE
    handlers.s                               0x00000000   Number         0  handlers.o ABSOLUTE
    init.s                                   0x00000000   Number         0  init.o ABSOLUTE
    led.c                                    0x00000000   Number         0  led.o ABSOLUTE
    main.c                                   0x00000000   Number         0  main.o ABSOLUTE
    pwm_output.c                             0x00000000   Number         0  pwm_output.o ABSOLUTE
    stm32f10x_it.c                           0x00000000   Number         0  stm32f10x_it.o ABSOLUTE
    str2dec.c                                0x00000000   Number         0  str2dec.o ABSOLUTE
    timer3.c                                 0x00000000   Number         0  timer3.o ABSOLUTE
    usart1.c                                 0x00000000   Number         0  usart1.o ABSOLUTE
    RESET                                    0x08000000   Section      304  startup_stm32f10x_hd.o(RESET)
    .ARM.Collect$$$$00000000                 0x08000130   Section        0  entry.o(.ARM.Collect$$$$00000000)
    .ARM.Collect$$$$00000001                 0x08000130   Section        4  entry2.o(.ARM.Collect$$$$00000001)
    .ARM.Collect$$$$00000004                 0x08000134   Section        4  entry5.o(.ARM.Collect$$$$00000004)
    .ARM.Collect$$$$00000008                 0x08000138   Section        0  entry7b.o(.ARM.Collect$$$$00000008)
    .ARM.Collect$$$$0000000A                 0x08000138   Section        0  entry8b.o(.ARM.Collect$$$$0000000A)
    .ARM.Collect$$$$0000000B                 0x08000138   Section        8  entry9a.o(.ARM.Collect$$$$0000000B)
    .ARM.Collect$$$$0000000D                 0x08000140   Section        0  entry10a.o(.ARM.Collect$$$$0000000D)
    .ARM.Collect$$$$0000000F                 0x08000140   Section        0  entry11a.o(.ARM.Collect$$$$0000000F)
    .ARM.Collect$$$$00002712                 0x08000140   Section        4  entry2.o(.ARM.Collect$$$$00002712)
    __lit__00000000                          0x08000140   Data           4  entry2.o(.ARM.Collect$$$$00002712)
    .text                                    0x08000144   Section       48  startup_stm32f10x_hd.o(.text)
    .text                                    0x08000174   Section        0  main.o(.text)
    .text                                    0x080003f8   Section        0  stm32f10x_it.o(.text)
    .text                                    0x080004f8   Section        0  usart1.o(.text)
    .text                                    0x0800069c   Section        0  adc.o(.text)
    .text                                    0x080007f0   Section        0  led.o(.text)
    .text                                    0x080008ac   Section        0  timer3.o(.text)
    .text                                    0x0800093c   Section        0  pwm_output.o(.text)
    TIM1_GPIO_Config                         0x0800093d   Thumb Code    48  pwm_output.o(.text)
    TIM1_Mode_Config                         0x0800096d   Thumb Code   142  pwm_output.o(.text)
    .text                                    0x08000bc4   Section        0  pid.o(.text)
    .text                                    0x08000f54   Section        0  stm32f10x_gpio.o(.text)
    .text                                    0x08001284   Section        0  stm32f10x_rcc.o(.text)
    .text                                    0x08001624   Section        0  stm32f10x_usart.o(.text)
    .text                                    0x08001994   Section        0  stm32f10x_adc.o(.text)
    .text                                    0x08001dc4   Section        0  stm32f10x_dma.o(.text)
    .text                                    0x08002004   Section        0  misc.o(.text)
    .text                                    0x080020e0   Section        0  stm32f10x_tim.o(.text)
    TI4_Config                               0x080023ff   Thumb Code    82  stm32f10x_tim.o(.text)
    TI3_Config                               0x08002463   Thumb Code    72  stm32f10x_tim.o(.text)
    TI2_Config                               0x080024d5   Thumb Code    80  stm32f10x_tim.o(.text)
    TI1_Config                               0x08002537   Thumb Code    56  stm32f10x_tim.o(.text)
    .text                                    0x08002ca8   Section        0  system_stm32f10x.o(.text)
    SetSysClockTo72                          0x08002ca9   Thumb Code   220  system_stm32f10x.o(.text)
    SetSysClock                              0x08002d85   Thumb Code     8  system_stm32f10x.o(.text)
    .text                                    0x08002de0   Section        0  fadd.o(.text)
    .text                                    0x08002e90   Section        0  fmul.o(.text)
    .text                                    0x08002ef4   Section        0  dadd.o(.text)
    .text                                    0x08003042   Section        0  dmul.o(.text)
    .text                                    0x08003126   Section        0  ddiv.o(.text)
    .text                                    0x08003204   Section        0  fflti.o(.text)
    .text                                    0x08003216   Section        0  ffltui.o(.text)
    .text                                    0x08003220   Section        0  dflti.o(.text)
    .text                                    0x08003242   Section        0  dfltui.o(.text)
    .text                                    0x0800325c   Section        0  ffixi.o(.text)
    .text                                    0x0800328e   Section        0  dfixi.o(.text)
    .text                                    0x080032cc   Section        0  f2d.o(.text)
    .text                                    0x080032f4   Section       40  cdcmple.o(.text)
    .text                                    0x0800331c   Section       40  cdrcmple.o(.text)
    .text                                    0x08003344   Section        0  d2f.o(.text)
    .text                                    0x0800337c   Section       20  cfcmple.o(.text)
    .text                                    0x08003390   Section       20  cfrcmple.o(.text)
    .text                                    0x080033a4   Section        0  uidiv.o(.text)
    .text                                    0x080033d0   Section        0  llshl.o(.text)
    .text                                    0x080033ee   Section        0  llushr.o(.text)
    .text                                    0x0800340e   Section        0  llsshr.o(.text)
    .text                                    0x08003432   Section        0  fepilogue.o(.text)
    .text                                    0x08003432   Section        0  iusefp.o(.text)
    .text                                    0x080034a0   Section        0  depilogue.o(.text)
    .text                                    0x08003556   Section        0  dscalb.o(.text)
    .text                                    0x08003584   Section       36  init.o(.text)
    .text                                    0x080035a8   Section        0  __dczerorl2.o(.text)
    i.__0printf$1                            0x08003600   Section        0  printf1.o(i.__0printf$1)
    i.__ARM_fpclassify                       0x08003620   Section        0  fpclassify.o(i.__ARM_fpclassify)
    i.__ieee754_rem_pio2                     0x08003648   Section        0  rred.o(i.__ieee754_rem_pio2)
    i.__kernel_cos                           0x080039d0   Section        0  cos_i.o(i.__kernel_cos)
    i.__kernel_poly                          0x08003acc   Section        0  poly.o(i.__kernel_poly)
    i.__kernel_sin                           0x08003b78   Section        0  sin_i.o(i.__kernel_sin)
    i.__mathlib_dbl_underflow                0x08003c64   Section        0  dunder.o(i.__mathlib_dbl_underflow)
    i.__scatterload_copy                     0x08003c74   Section       14  handlers.o(i.__scatterload_copy)
    i.__scatterload_null                     0x08003c82   Section        2  handlers.o(i.__scatterload_null)
    i.__scatterload_zeroinit                 0x08003c84   Section       14  handlers.o(i.__scatterload_zeroinit)
    i.__set_errno                            0x08003c94   Section        0  errno.o(i.__set_errno)
    i._printf_core                           0x08003ca0   Section        0  printf1.o(i._printf_core)
    _printf_core                             0x08003ca1   Thumb Code   336  printf1.o(i._printf_core)
    i.sin                                    0x08003df4   Section        0  sin.o(i.sin)
    .constdata                               0x08003ea8   Section       48  cos_i.o(.constdata)
    C                                        0x08003ea8   Data          48  cos_i.o(.constdata)
    .constdata                               0x08003ed8   Section      200  rred.o(.constdata)
    pio2s                                    0x08003ed8   Data          48  rred.o(.constdata)
    twooverpi                                0x08003f08   Data         152  rred.o(.constdata)
    .constdata                               0x08003fa0   Section       40  sin_i.o(.constdata)
    S                                        0x08003fa0   Data          40  sin_i.o(.constdata)
    .data                                    0x20000000   Section      120  main.o(.data)
    .data                                    0x20000078   Section        4  stm32f10x_it.o(.data)
    .data                                    0x2000007c   Section        1  usart1.o(.data)
    .data                                    0x2000007e   Section        8  adc.o(.data)
    .data                                    0x20000088   Section      176  pid.o(.data)
    .data                                    0x20000138   Section       20  stm32f10x_rcc.o(.data)
    APBAHBPrescTable                         0x20000138   Data          16  stm32f10x_rcc.o(.data)
    ADCPrescTable                            0x20000148   Data           4  stm32f10x_rcc.o(.data)
    .data                                    0x2000014c   Section        4  stdout.o(.data)
    .data                                    0x20000150   Section        4  errno.o(.data)
    _errno                                   0x20000150   Data           4  errno.o(.data)
    .bss                                     0x20000154   Section      130  main.o(.bss)
    STACK                                    0x200001d8   Section      512  startup_stm32f10x_hd.o(STACK)

    Global Symbols

    Symbol Name                              Value     Ov Type        Size  Object(Section)

    BuildAttributes$$THM_ISAv4$P$D$K$B$S$PE$A:L22UL41UL21$X:L11$S22US41US21$IEEE1$IW$USESV6$~STKCKD$USESV7$~SHL$OTIME$ROPI$IEEEX$EBA8$MICROLIB$REQ8$PRES8$EABIv2 0x00000000   Number         0  anon$$obj.o ABSOLUTE
    __ARM_use_no_argv                        0x00000000   Number         0  main.o ABSOLUTE
    _printf_a                                0x00000000   Number         0  stubs.o ABSOLUTE
    _printf_c                                0x00000000   Number         0  stubs.o ABSOLUTE
    _printf_charcount                        0x00000000   Number         0  stubs.o ABSOLUTE
    _printf_d                                0x00000000   Number         0  stubs.o ABSOLUTE
    _printf_e                                0x00000000   Number         0  stubs.o ABSOLUTE
    _printf_f                                0x00000000   Number         0  stubs.o ABSOLUTE
    _printf_flags                            0x00000000   Number         0  stubs.o ABSOLUTE
    _printf_fp_dec                           0x00000000   Number         0  stubs.o ABSOLUTE
    _printf_fp_hex                           0x00000000   Number         0  stubs.o ABSOLUTE
    _printf_g                                0x00000000   Number         0  stubs.o ABSOLUTE
    _printf_i                                0x00000000   Number         0  stubs.o ABSOLUTE
    _printf_int_dec                          0x00000000   Number         0  stubs.o ABSOLUTE
    _printf_l                                0x00000000   Number         0  stubs.o ABSOLUTE
    _printf_lc                               0x00000000   Number         0  stubs.o ABSOLUTE
    _printf_ll                               0x00000000   Number         0  stubs.o ABSOLUTE
    _printf_lld                              0x00000000   Number         0  stubs.o ABSOLUTE
    _printf_lli                              0x00000000   Number         0  stubs.o ABSOLUTE
    _printf_llo                              0x00000000   Number         0  stubs.o ABSOLUTE
    _printf_llu                              0x00000000   Number         0  stubs.o ABSOLUTE
    _printf_llx                              0x00000000   Number         0  stubs.o ABSOLUTE
    _printf_longlong_dec                     0x00000000   Number         0  stubs.o ABSOLUTE
    _printf_longlong_hex                     0x00000000   Number         0  stubs.o ABSOLUTE
    _printf_longlong_oct                     0x00000000   Number         0  stubs.o ABSOLUTE
    _printf_ls                               0x00000000   Number         0  stubs.o ABSOLUTE
    _printf_mbtowc                           0x00000000   Number         0  stubs.o ABSOLUTE
    _printf_n                                0x00000000   Number         0  stubs.o ABSOLUTE
    _printf_o                                0x00000000   Number         0  stubs.o ABSOLUTE
    _printf_p                                0x00000000   Number         0  stubs.o ABSOLUTE
    _printf_percent                          0x00000000   Number         0  stubs.o ABSOLUTE
    _printf_pre_padding                      0x00000000   Number         0  stubs.o ABSOLUTE
    _printf_return_value                     0x00000000   Number         0  stubs.o ABSOLUTE
    _printf_s                                0x00000000   Number         0  stubs.o ABSOLUTE
    _printf_sizespec                         0x00000000   Number         0  stubs.o ABSOLUTE
    _printf_str                              0x00000000   Number         0  stubs.o ABSOLUTE
    _printf_truncate_signed                  0x00000000   Number         0  stubs.o ABSOLUTE
    _printf_truncate_unsigned                0x00000000   Number         0  stubs.o ABSOLUTE
    _printf_u                                0x00000000   Number         0  stubs.o ABSOLUTE
    _printf_wc                               0x00000000   Number         0  stubs.o ABSOLUTE
    _printf_wctomb                           0x00000000   Number         0  stubs.o ABSOLUTE
    _printf_widthprec                        0x00000000   Number         0  stubs.o ABSOLUTE
    _printf_x                                0x00000000   Number         0  stubs.o ABSOLUTE
    __cpp_initialize__aeabi_                  - Undefined Weak Reference
    __cxa_finalize                            - Undefined Weak Reference
    _clock_init                               - Undefined Weak Reference
    _microlib_exit                            - Undefined Weak Reference
    __Vectors_Size                           0x00000130   Number         0  startup_stm32f10x_hd.o ABSOLUTE
    __Vectors                                0x08000000   Data           4  startup_stm32f10x_hd.o(RESET)
    __Vectors_End                            0x08000130   Data           0  startup_stm32f10x_hd.o(RESET)
    __main                                   0x08000131   Thumb Code     0  entry.o(.ARM.Collect$$$$00000000)
    _main_stk                                0x08000131   Thumb Code     0  entry2.o(.ARM.Collect$$$$00000001)
    _main_scatterload                        0x08000135   Thumb Code     0  entry5.o(.ARM.Collect$$$$00000004)
    __main_after_scatterload                 0x08000139   Thumb Code     0  entry5.o(.ARM.Collect$$$$00000004)
    _main_clock                              0x08000139   Thumb Code     0  entry7b.o(.ARM.Collect$$$$00000008)
    _main_cpp_init                           0x08000139   Thumb Code     0  entry8b.o(.ARM.Collect$$$$0000000A)
    _main_init                               0x08000139   Thumb Code     0  entry9a.o(.ARM.Collect$$$$0000000B)
    __rt_final_cpp                           0x08000141   Thumb Code     0  entry10a.o(.ARM.Collect$$$$0000000D)
    __rt_final_exit                          0x08000141   Thumb Code     0  entry11a.o(.ARM.Collect$$$$0000000F)
    SystemInit_ExtMemCtl                     0x08000145   Thumb Code     2  startup_stm32f10x_hd.o(.text)
    Reset_Handler                            0x08000147   Thumb Code    14  startup_stm32f10x_hd.o(.text)
    ADC1_2_IRQHandler                        0x08000167   Thumb Code     0  startup_stm32f10x_hd.o(.text)
    ADC3_IRQHandler                          0x08000167   Thumb Code     0  startup_stm32f10x_hd.o(.text)
    CAN1_RX1_IRQHandler                      0x08000167   Thumb Code     0  startup_stm32f10x_hd.o(.text)
    CAN1_SCE_IRQHandler                      0x08000167   Thumb Code     0  startup_stm32f10x_hd.o(.text)
    DMA1_Channel1_IRQHandler                 0x08000167   Thumb Code     0  startup_stm32f10x_hd.o(.text)
    DMA1_Channel2_IRQHandler                 0x08000167   Thumb Code     0  startup_stm32f10x_hd.o(.text)
    DMA1_Channel3_IRQHandler                 0x08000167   Thumb Code     0  startup_stm32f10x_hd.o(.text)
    DMA1_Channel4_IRQHandler                 0x08000167   Thumb Code     0  startup_stm32f10x_hd.o(.text)
    DMA1_Channel5_IRQHandler                 0x08000167   Thumb Code     0  startup_stm32f10x_hd.o(.text)
    DMA1_Channel6_IRQHandler                 0x08000167   Thumb Code     0  startup_stm32f10x_hd.o(.text)
    DMA1_Channel7_IRQHandler                 0x08000167   Thumb Code     0  startup_stm32f10x_hd.o(.text)
    DMA2_Channel1_IRQHandler                 0x08000167   Thumb Code     0  startup_stm32f10x_hd.o(.text)
    DMA2_Channel2_IRQHandler                 0x08000167   Thumb Code     0  startup_stm32f10x_hd.o(.text)
    DMA2_Channel3_IRQHandler                 0x08000167   Thumb Code     0  startup_stm32f10x_hd.o(.text)
    DMA2_Channel4_5_IRQHandler               0x08000167   Thumb Code     0  startup_stm32f10x_hd.o(.text)
    EXTI0_IRQHandler                         0x08000167   Thumb Code     0  startup_stm32f10x_hd.o(.text)
    EXTI15_10_IRQHandler                     0x08000167   Thumb Code     0  startup_stm32f10x_hd.o(.text)
    EXTI1_IRQHandler                         0x08000167   Thumb Code     0  startup_stm32f10x_hd.o(.text)
    EXTI2_IRQHandler                         0x08000167   Thumb Code     0  startup_stm32f10x_hd.o(.text)
    EXTI3_IRQHandler                         0x08000167   Thumb Code     0  startup_stm32f10x_hd.o(.text)
    EXTI4_IRQHandler                         0x08000167   Thumb Code     0  startup_stm32f10x_hd.o(.text)
    EXTI9_5_IRQHandler                       0x08000167   Thumb Code     0  startup_stm32f10x_hd.o(.text)
    FLASH_IRQHandler                         0x08000167   Thumb Code     0  startup_stm32f10x_hd.o(.text)
    FSMC_IRQHandler                          0x08000167   Thumb Code     0  startup_stm32f10x_hd.o(.text)
    I2C1_ER_IRQHandler                       0x08000167   Thumb Code     0  startup_stm32f10x_hd.o(.text)
    I2C1_EV_IRQHandler                       0x08000167   Thumb Code     0  startup_stm32f10x_hd.o(.text)
    I2C2_ER_IRQHandler                       0x08000167   Thumb Code     0  startup_stm32f10x_hd.o(.text)
    I2C2_EV_IRQHandler                       0x08000167   Thumb Code     0  startup_stm32f10x_hd.o(.text)
    PVD_IRQHandler                           0x08000167   Thumb Code     0  startup_stm32f10x_hd.o(.text)
    RCC_IRQHandler                           0x08000167   Thumb Code     0  startup_stm32f10x_hd.o(.text)
    RTCAlarm_IRQHandler                      0x08000167   Thumb Code     0  startup_stm32f10x_hd.o(.text)
    RTC_IRQHandler                           0x08000167   Thumb Code     0  startup_stm32f10x_hd.o(.text)
    SDIO_IRQHandler                          0x08000167   Thumb Code     0  startup_stm32f10x_hd.o(.text)
    SPI1_IRQHandler                          0x08000167   Thumb Code     0  startup_stm32f10x_hd.o(.text)
    SPI2_IRQHandler                          0x08000167   Thumb Code     0  startup_stm32f10x_hd.o(.text)
    SPI3_IRQHandler                          0x08000167   Thumb Code     0  startup_stm32f10x_hd.o(.text)
    TAMPER_IRQHandler                        0x08000167   Thumb Code     0  startup_stm32f10x_hd.o(.text)
    TIM1_BRK_IRQHandler                      0x08000167   Thumb Code     0  startup_stm32f10x_hd.o(.text)
    TIM1_CC_IRQHandler                       0x08000167   Thumb Code     0  startup_stm32f10x_hd.o(.text)
    TIM1_TRG_COM_IRQHandler                  0x08000167   Thumb Code     0  startup_stm32f10x_hd.o(.text)
    TIM1_UP_IRQHandler                       0x08000167   Thumb Code     0  startup_stm32f10x_hd.o(.text)
    TIM2_IRQHandler                          0x08000167   Thumb Code     0  startup_stm32f10x_hd.o(.text)
    TIM4_IRQHandler                          0x08000167   Thumb Code     0  startup_stm32f10x_hd.o(.text)
    TIM5_IRQHandler                          0x08000167   Thumb Code     0  startup_stm32f10x_hd.o(.text)
    TIM6_IRQHandler                          0x08000167   Thumb Code     0  startup_stm32f10x_hd.o(.text)
    TIM7_IRQHandler                          0x08000167   Thumb Code     0  startup_stm32f10x_hd.o(.text)
    TIM8_BRK_IRQHandler                      0x08000167   Thumb Code     0  startup_stm32f10x_hd.o(.text)
    TIM8_CC_IRQHandler                       0x08000167   Thumb Code     0  startup_stm32f10x_hd.o(.text)
    TIM8_TRG_COM_IRQHandler                  0x08000167   Thumb Code     0  startup_stm32f10x_hd.o(.text)
    TIM8_UP_IRQHandler                       0x08000167   Thumb Code     0  startup_stm32f10x_hd.o(.text)
    UART4_IRQHandler                         0x08000167   Thumb Code     0  startup_stm32f10x_hd.o(.text)
    UART5_IRQHandler                         0x08000167   Thumb Code     0  startup_stm32f10x_hd.o(.text)
    USART2_IRQHandler                        0x08000167   Thumb Code     0  startup_stm32f10x_hd.o(.text)
    USART3_IRQHandler                        0x08000167   Thumb Code     0  startup_stm32f10x_hd.o(.text)
    USBWakeUp_IRQHandler                     0x08000167   Thumb Code     0  startup_stm32f10x_hd.o(.text)
    USB_HP_CAN1_TX_IRQHandler                0x08000167   Thumb Code     0  startup_stm32f10x_hd.o(.text)
    USB_LP_CAN1_RX0_IRQHandler               0x08000167   Thumb Code     0  startup_stm32f10x_hd.o(.text)
    WWDG_IRQHandler                          0x08000167   Thumb Code     0  startup_stm32f10x_hd.o(.text)
    main                                     0x08000175   Thumb Code   502  main.o(.text)
    NMI_Handler                              0x080003f9   Thumb Code     2  stm32f10x_it.o(.text)
    HardFault_Handler                        0x080003fb   Thumb Code     4  stm32f10x_it.o(.text)
    MemManage_Handler                        0x080003ff   Thumb Code     4  stm32f10x_it.o(.text)
    BusFault_Handler                         0x08000403   Thumb Code     4  stm32f10x_it.o(.text)
    UsageFault_Handler                       0x08000407   Thumb Code     4  stm32f10x_it.o(.text)
    SVC_Handler                              0x0800040b   Thumb Code     2  stm32f10x_it.o(.text)
    DebugMon_Handler                         0x0800040d   Thumb Code     2  stm32f10x_it.o(.text)
    PendSV_Handler                           0x0800040f   Thumb Code     2  stm32f10x_it.o(.text)
    SysTick_Handler                          0x08000411   Thumb Code     2  stm32f10x_it.o(.text)
    TIM3_IRQHandler                          0x08000413   Thumb Code    32  stm32f10x_it.o(.text)
    USART1_IRQHandler                        0x08000433   Thumb Code   156  stm32f10x_it.o(.text)
    USART1_Config                            0x080004f9   Thumb Code   182  usart1.o(.text)
    USART1_Send_byte                         0x080005af   Thumb Code    28  usart1.o(.text)
    USART1_Recv_byte                         0x080005cb   Thumb Code    26  usart1.o(.text)
    fputc                                    0x080005e5   Thumb Code    32  usart1.o(.text)
    Delayus1                                 0x08000605   Thumb Code    22  usart1.o(.text)
    Delayms1                                 0x0800061b   Thumb Code    22  usart1.o(.text)
    UART1SendByte                            0x08000631   Thumb Code    36  usart1.o(.text)
    UART1GetByte                             0x08000655   Thumb Code    30  usart1.o(.text)
    UART1Test                                0x08000673   Thumb Code    30  usart1.o(.text)
    ADC1_GPIO_Config                         0x0800069d   Thumb Code    32  adc.o(.text)
    ADC1_Mode_Config                         0x080006bd   Thumb Code   272  adc.o(.text)
    ADC1_Init                                0x080007cd   Thumb Code    20  adc.o(.text)
    LED_GPIO_Config                          0x080007f1   Thumb Code    50  led.o(.text)
    LED_Toggle                               0x08000823   Thumb Code    32  led.o(.text)
    LED_On                                   0x08000843   Thumb Code    16  led.o(.text)
    LED_Off                                  0x08000853   Thumb Code    14  led.o(.text)
    Delayus                                  0x08000861   Thumb Code    26  led.o(.text)
    Delayms                                  0x0800087b   Thumb Code    26  led.o(.text)
    LED_Twinkle                              0x08000895   Thumb Code    18  led.o(.text)
    TIM3_NVIC_Configuration                  0x080008ad   Thumb Code    42  timer3.o(.text)
    TIM3_Configuration                       0x080008d7   Thumb Code    98  timer3.o(.text)
    TIM1_PWM_Init                            0x080009fb   Thumb Code    12  pwm_output.o(.text)
    Delay_us                                 0x08000a07   Thumb Code    24  pwm_output.o(.text)
    Delay_ms                                 0x08000a1f   Thumb Code    22  pwm_output.o(.text)
    Servo_outer                              0x08000a35   Thumb Code    18  pwm_output.o(.text)
    Servo_out                                0x08000a47   Thumb Code   154  pwm_output.o(.text)
    TurnRight                                0x08000ae1   Thumb Code    24  pwm_output.o(.text)
    TurnLeft                                 0x08000af9   Thumb Code    22  pwm_output.o(.text)
    setMotorSpeed                            0x08000b0f   Thumb Code    38  pwm_output.o(.text)
    keep                                     0x08000b35   Thumb Code    16  pwm_output.o(.text)
    constrain                                0x08000b45   Thumb Code    20  pwm_output.o(.text)
    test_moto                                0x08000b59   Thumb Code    90  pwm_output.o(.text)
    PidFunction                              0x08000bc5   Thumb Code   398  pid.o(.text)
    xianfu                                   0x08000d53   Thumb Code    38  pid.o(.text)
    theat                                    0x08000d79   Thumb Code   218  pid.o(.text)
    ssin                                     0x08000e53   Thumb Code   166  pid.o(.text)
    GPIO_DeInit                              0x08000f55   Thumb Code   188  stm32f10x_gpio.o(.text)
    GPIO_AFIODeInit                          0x08001011   Thumb Code    20  stm32f10x_gpio.o(.text)
    GPIO_Init                                0x08001025   Thumb Code   278  stm32f10x_gpio.o(.text)
    GPIO_StructInit                          0x0800113b   Thumb Code    16  stm32f10x_gpio.o(.text)
    GPIO_ReadInputDataBit                    0x0800114b   Thumb Code    18  stm32f10x_gpio.o(.text)
    GPIO_ReadInputData                       0x0800115d   Thumb Code     8  stm32f10x_gpio.o(.text)
    GPIO_ReadOutputDataBit                   0x08001165   Thumb Code    18  stm32f10x_gpio.o(.text)
    GPIO_ReadOutputData                      0x08001177   Thumb Code     8  stm32f10x_gpio.o(.text)
    GPIO_SetBits                             0x0800117f   Thumb Code     4  stm32f10x_gpio.o(.text)
    GPIO_ResetBits                           0x08001183   Thumb Code     4  stm32f10x_gpio.o(.text)
    GPIO_WriteBit                            0x08001187   Thumb Code    10  stm32f10x_gpio.o(.text)
    GPIO_Write                               0x08001191   Thumb Code     4  stm32f10x_gpio.o(.text)
    GPIO_PinLockConfig                       0x08001195   Thumb Code    18  stm32f10x_gpio.o(.text)
    GPIO_EventOutputConfig                   0x080011a7   Thumb Code    26  stm32f10x_gpio.o(.text)
    GPIO_EventOutputCmd                      0x080011c1   Thumb Code     6  stm32f10x_gpio.o(.text)
    GPIO_PinRemapConfig                      0x080011c7   Thumb Code   106  stm32f10x_gpio.o(.text)
    GPIO_EXTILineConfig                      0x08001231   Thumb Code    66  stm32f10x_gpio.o(.text)
    RCC_DeInit                               0x08001285   Thumb Code    62  stm32f10x_rcc.o(.text)
    RCC_HSEConfig                            0x080012c3   Thumb Code    70  stm32f10x_rcc.o(.text)
    RCC_GetFlagStatus                        0x08001309   Thumb Code    56  stm32f10x_rcc.o(.text)
    RCC_WaitForHSEStartUp                    0x08001341   Thumb Code    54  stm32f10x_rcc.o(.text)
    RCC_AdjustHSICalibrationValue            0x08001377   Thumb Code    20  stm32f10x_rcc.o(.text)
    RCC_HSICmd                               0x0800138b   Thumb Code     6  stm32f10x_rcc.o(.text)
    RCC_PLLConfig                            0x08001391   Thumb Code    24  stm32f10x_rcc.o(.text)
    RCC_PLLCmd                               0x080013a9   Thumb Code     6  stm32f10x_rcc.o(.text)
    RCC_SYSCLKConfig                         0x080013af   Thumb Code    18  stm32f10x_rcc.o(.text)
    RCC_GetSYSCLKSource                      0x080013c1   Thumb Code    10  stm32f10x_rcc.o(.text)
    RCC_HCLKConfig                           0x080013cb   Thumb Code    18  stm32f10x_rcc.o(.text)
    RCC_PCLK1Config                          0x080013dd   Thumb Code    18  stm32f10x_rcc.o(.text)
    RCC_PCLK2Config                          0x080013ef   Thumb Code    20  stm32f10x_rcc.o(.text)
    RCC_ITConfig                             0x08001403   Thumb Code    26  stm32f10x_rcc.o(.text)
    RCC_USBCLKConfig                         0x0800141d   Thumb Code     8  stm32f10x_rcc.o(.text)
    RCC_ADCCLKConfig                         0x08001425   Thumb Code    18  stm32f10x_rcc.o(.text)
    RCC_LSEConfig                            0x08001437   Thumb Code    50  stm32f10x_rcc.o(.text)
    RCC_LSICmd                               0x08001469   Thumb Code     6  stm32f10x_rcc.o(.text)
    RCC_RTCCLKConfig                         0x0800146f   Thumb Code    12  stm32f10x_rcc.o(.text)
    RCC_RTCCLKCmd                            0x0800147b   Thumb Code     8  stm32f10x_rcc.o(.text)
    RCC_GetClocksFreq                        0x08001483   Thumb Code   192  stm32f10x_rcc.o(.text)
    RCC_AHBPeriphClockCmd                    0x08001543   Thumb Code    26  stm32f10x_rcc.o(.text)
    RCC_APB2PeriphClockCmd                   0x0800155d   Thumb Code    26  stm32f10x_rcc.o(.text)
    RCC_APB1PeriphClockCmd                   0x08001577   Thumb Code    26  stm32f10x_rcc.o(.text)
    RCC_APB2PeriphResetCmd                   0x08001591   Thumb Code    26  stm32f10x_rcc.o(.text)
    RCC_APB1PeriphResetCmd                   0x080015ab   Thumb Code    26  stm32f10x_rcc.o(.text)
    RCC_BackupResetCmd                       0x080015c5   Thumb Code     8  stm32f10x_rcc.o(.text)
    RCC_ClockSecuritySystemCmd               0x080015cd   Thumb Code     6  stm32f10x_rcc.o(.text)
    RCC_MCOConfig                            0x080015d3   Thumb Code     6  stm32f10x_rcc.o(.text)
    RCC_ClearFlag                            0x080015d9   Thumb Code    14  stm32f10x_rcc.o(.text)
    RCC_GetITStatus                          0x080015e7   Thumb Code    20  stm32f10x_rcc.o(.text)
    RCC_ClearITPendingBit                    0x080015fb   Thumb Code     6  stm32f10x_rcc.o(.text)
    USART_DeInit                             0x08001625   Thumb Code   146  stm32f10x_usart.o(.text)
    USART_Init                               0x080016b7   Thumb Code   150  stm32f10x_usart.o(.text)
    USART_StructInit                         0x0800174d   Thumb Code    24  stm32f10x_usart.o(.text)
    USART_ClockInit                          0x08001765   Thumb Code    34  stm32f10x_usart.o(.text)
    USART_ClockStructInit                    0x08001787   Thumb Code    12  stm32f10x_usart.o(.text)
    USART_Cmd                                0x08001793   Thumb Code    24  stm32f10x_usart.o(.text)
    USART_ITConfig                           0x080017ab   Thumb Code    64  stm32f10x_usart.o(.text)
    USART_DMACmd                             0x080017eb   Thumb Code    18  stm32f10x_usart.o(.text)
    USART_SetAddress                         0x080017fd   Thumb Code    18  stm32f10x_usart.o(.text)
    USART_WakeUpConfig                       0x0800180f   Thumb Code    18  stm32f10x_usart.o(.text)
    USART_ReceiverWakeUpCmd                  0x08001821   Thumb Code    24  stm32f10x_usart.o(.text)
    USART_LINBreakDetectLengthConfig         0x08001839   Thumb Code    18  stm32f10x_usart.o(.text)
    USART_LINCmd                             0x0800184b   Thumb Code    24  stm32f10x_usart.o(.text)
    USART_SendData                           0x08001863   Thumb Code     8  stm32f10x_usart.o(.text)
    USART_ReceiveData                        0x0800186b   Thumb Code    10  stm32f10x_usart.o(.text)
    USART_SendBreak                          0x08001875   Thumb Code    10  stm32f10x_usart.o(.text)
    USART_SetGuardTime                       0x0800187f   Thumb Code    16  stm32f10x_usart.o(.text)
    USART_SetPrescaler                       0x0800188f   Thumb Code    16  stm32f10x_usart.o(.text)
    USART_SmartCardCmd                       0x0800189f   Thumb Code    24  stm32f10x_usart.o(.text)
    USART_SmartCardNACKCmd                   0x080018b7   Thumb Code    24  stm32f10x_usart.o(.text)
    USART_HalfDuplexCmd                      0x080018cf   Thumb Code    24  stm32f10x_usart.o(.text)
    USART_IrDAConfig                         0x080018e7   Thumb Code    18  stm32f10x_usart.o(.text)
    USART_IrDACmd                            0x080018f9   Thumb Code    24  stm32f10x_usart.o(.text)
    USART_GetFlagStatus                      0x08001911   Thumb Code    18  stm32f10x_usart.o(.text)
    USART_ClearFlag                          0x08001923   Thumb Code     6  stm32f10x_usart.o(.text)
    USART_GetITStatus                        0x08001929   Thumb Code    76  stm32f10x_usart.o(.text)
    USART_ClearITPendingBit                  0x08001975   Thumb Code    20  stm32f10x_usart.o(.text)
    ADC_DeInit                               0x08001995   Thumb Code    90  stm32f10x_adc.o(.text)
    ADC_Init                                 0x080019ef   Thumb Code    70  stm32f10x_adc.o(.text)
    ADC_StructInit                           0x08001a35   Thumb Code    18  stm32f10x_adc.o(.text)
    ADC_Cmd                                  0x08001a47   Thumb Code    22  stm32f10x_adc.o(.text)
    ADC_DMACmd                               0x08001a5d   Thumb Code    22  stm32f10x_adc.o(.text)
    ADC_ITConfig                             0x08001a73   Thumb Code    24  stm32f10x_adc.o(.text)
    ADC_ResetCalibration                     0x08001a8b   Thumb Code    10  stm32f10x_adc.o(.text)
    ADC_GetResetCalibrationStatus            0x08001a95   Thumb Code    20  stm32f10x_adc.o(.text)
    ADC_StartCalibration                     0x08001aa9   Thumb Code    10  stm32f10x_adc.o(.text)
    ADC_GetCalibrationStatus                 0x08001ab3   Thumb Code    20  stm32f10x_adc.o(.text)
    ADC_SoftwareStartConvCmd                 0x08001ac7   Thumb Code    22  stm32f10x_adc.o(.text)
    ADC_GetSoftwareStartConvStatus           0x08001add   Thumb Code    20  stm32f10x_adc.o(.text)
    ADC_DiscModeChannelCountConfig           0x08001af1   Thumb Code    24  stm32f10x_adc.o(.text)
    ADC_DiscModeCmd                          0x08001b09   Thumb Code    22  stm32f10x_adc.o(.text)
    ADC_RegularChannelConfig                 0x08001b1f   Thumb Code   184  stm32f10x_adc.o(.text)
    ADC_ExternalTrigConvCmd                  0x08001bd7   Thumb Code    22  stm32f10x_adc.o(.text)
    ADC_GetConversionValue                   0x08001bed   Thumb Code     8  stm32f10x_adc.o(.text)
    ADC_GetDualModeConversionValue           0x08001bf5   Thumb Code     6  stm32f10x_adc.o(.text)
    ADC_AutoInjectedConvCmd                  0x08001bfb   Thumb Code    22  stm32f10x_adc.o(.text)
    ADC_InjectedDiscModeCmd                  0x08001c11   Thumb Code    22  stm32f10x_adc.o(.text)
    ADC_ExternalTrigInjectedConvConfig       0x08001c27   Thumb Code    16  stm32f10x_adc.o(.text)
    ADC_ExternalTrigInjectedConvCmd          0x08001c37   Thumb Code    22  stm32f10x_adc.o(.text)
    ADC_SoftwareStartInjectedConvCmd         0x08001c4d   Thumb Code    22  stm32f10x_adc.o(.text)
    ADC_GetSoftwareStartInjectedConvCmdStatus 0x08001c63   Thumb Code    20  stm32f10x_adc.o(.text)
    ADC_InjectedChannelConfig                0x08001c77   Thumb Code   130  stm32f10x_adc.o(.text)
    ADC_InjectedSequencerLengthConfig        0x08001cf9   Thumb Code    24  stm32f10x_adc.o(.text)
    ADC_SetInjectedOffset                    0x08001d11   Thumb Code     4  stm32f10x_adc.o(.text)
    ADC_GetInjectedConversionValue           0x08001d15   Thumb Code    10  stm32f10x_adc.o(.text)
    ADC_AnalogWatchdogCmd                    0x08001d1f   Thumb Code    16  stm32f10x_adc.o(.text)
    ADC_AnalogWatchdogThresholdsConfig       0x08001d2f   Thumb Code     6  stm32f10x_adc.o(.text)
    ADC_AnalogWatchdogSingleChannelConfig    0x08001d35   Thumb Code    16  stm32f10x_adc.o(.text)
    ADC_TempSensorVrefintCmd                 0x08001d45   Thumb Code    38  stm32f10x_adc.o(.text)
    ADC_GetFlagStatus                        0x08001d6b   Thumb Code    38  stm32f10x_adc.o(.text)
    ADC_ClearFlag                            0x08001d91   Thumb Code     6  stm32f10x_adc.o(.text)
    ADC_GetITStatus                          0x08001d97   Thumb Code    36  stm32f10x_adc.o(.text)
    ADC_ClearITPendingBit                    0x08001dbb   Thumb Code    10  stm32f10x_adc.o(.text)
    DMA_DeInit                               0x08001dc5   Thumb Code   306  stm32f10x_dma.o(.text)
    DMA_Init                                 0x08001ef7   Thumb Code    60  stm32f10x_dma.o(.text)
    DMA_StructInit                           0x08001f33   Thumb Code    26  stm32f10x_dma.o(.text)
    DMA_Cmd                                  0x08001f4d   Thumb Code    22  stm32f10x_dma.o(.text)
    DMA_ITConfig                             0x08001f63   Thumb Code    18  stm32f10x_dma.o(.text)
    DMA_GetCurrDataCounter                   0x08001f75   Thumb Code     8  stm32f10x_dma.o(.text)
    DMA_GetFlagStatus                        0x08001f7d   Thumb Code    40  stm32f10x_dma.o(.text)
    DMA_ClearFlag                            0x08001fa5   Thumb Code    20  stm32f10x_dma.o(.text)
    DMA_GetITStatus                          0x08001fb9   Thumb Code    40  stm32f10x_dma.o(.text)
    DMA_ClearITPendingBit                    0x08001fe1   Thumb Code    20  stm32f10x_dma.o(.text)
    NVIC_PriorityGroupConfig                 0x08002005   Thumb Code    10  misc.o(.text)
    NVIC_Init                                0x0800200f   Thumb Code   100  misc.o(.text)
    NVIC_SetVectorTable                      0x08002073   Thumb Code    14  misc.o(.text)
    NVIC_SystemLPConfig                      0x08002081   Thumb Code    34  misc.o(.text)
    SysTick_CLKSourceConfig                  0x080020a3   Thumb Code    40  misc.o(.text)
    TIM_DeInit                               0x080020e1   Thumb Code   214  stm32f10x_tim.o(.text)
    TIM_TimeBaseInit                         0x080021b7   Thumb Code    50  stm32f10x_tim.o(.text)
    TIM_OC1Init                              0x080021e9   Thumb Code   110  stm32f10x_tim.o(.text)
    TIM_OC2Init                              0x08002257   Thumb Code   148  stm32f10x_tim.o(.text)
    TIM_OC3Init                              0x080022eb   Thumb Code   144  stm32f10x_tim.o(.text)
    TIM_OC4Init                              0x0800237b   Thumb Code   106  stm32f10x_tim.o(.text)
    TIM_SetIC4Prescaler                      0x080023e5   Thumb Code    26  stm32f10x_tim.o(.text)
    TIM_SetIC3Prescaler                      0x08002451   Thumb Code    18  stm32f10x_tim.o(.text)
    TIM_SetIC2Prescaler                      0x080024ab   Thumb Code    42  stm32f10x_tim.o(.text)
    TIM_SetIC1Prescaler                      0x08002525   Thumb Code    18  stm32f10x_tim.o(.text)
    TIM_ICInit                               0x0800256f   Thumb Code   110  stm32f10x_tim.o(.text)
    TIM_PWMIConfig                           0x080025dd   Thumb Code   124  stm32f10x_tim.o(.text)
    TIM_BDTRConfig                           0x08002659   Thumb Code    32  stm32f10x_tim.o(.text)
    TIM_TimeBaseStructInit                   0x08002679   Thumb Code    18  stm32f10x_tim.o(.text)
    TIM_OCStructInit                         0x0800268b   Thumb Code    20  stm32f10x_tim.o(.text)
    TIM_ICStructInit                         0x0800269f   Thumb Code    18  stm32f10x_tim.o(.text)
    TIM_BDTRStructInit                       0x080026b1   Thumb Code    18  stm32f10x_tim.o(.text)
    TIM_Cmd                                  0x080026c3   Thumb Code    24  stm32f10x_tim.o(.text)
    TIM_CtrlPWMOutputs                       0x080026db   Thumb Code    30  stm32f10x_tim.o(.text)
    TIM_ITConfig                             0x080026f9   Thumb Code    18  stm32f10x_tim.o(.text)
    TIM_GenerateEvent                        0x0800270b   Thumb Code     4  stm32f10x_tim.o(.text)
    TIM_DMAConfig                            0x0800270f   Thumb Code    10  stm32f10x_tim.o(.text)
    TIM_DMACmd                               0x08002719   Thumb Code    18  stm32f10x_tim.o(.text)
    TIM_InternalClockConfig                  0x0800272b   Thumb Code    12  stm32f10x_tim.o(.text)
    TIM_SelectInputTrigger                   0x08002737   Thumb Code    18  stm32f10x_tim.o(.text)
    TIM_ITRxExternalClockConfig              0x08002749   Thumb Code    24  stm32f10x_tim.o(.text)
    TIM_TIxExternalClockConfig               0x08002761   Thumb Code    62  stm32f10x_tim.o(.text)
    TIM_ETRConfig                            0x0800279f   Thumb Code    30  stm32f10x_tim.o(.text)
    TIM_ETRClockMode1Config                  0x080027bd   Thumb Code    54  stm32f10x_tim.o(.text)
    TIM_ETRClockMode2Config                  0x080027f3   Thumb Code    32  stm32f10x_tim.o(.text)
    TIM_PrescalerConfig                      0x08002813   Thumb Code     6  stm32f10x_tim.o(.text)
    TIM_CounterModeConfig                    0x08002819   Thumb Code    18  stm32f10x_tim.o(.text)
    TIM_EncoderInterfaceConfig               0x0800282b   Thumb Code    66  stm32f10x_tim.o(.text)
    TIM_ForcedOC1Config                      0x0800286d   Thumb Code    18  stm32f10x_tim.o(.text)
    TIM_ForcedOC2Config                      0x0800287f   Thumb Code    26  stm32f10x_tim.o(.text)
    TIM_ForcedOC3Config                      0x08002899   Thumb Code    18  stm32f10x_tim.o(.text)
    TIM_ForcedOC4Config                      0x080028ab   Thumb Code    26  stm32f10x_tim.o(.text)
    TIM_ARRPreloadConfig                     0x080028c5   Thumb Code    24  stm32f10x_tim.o(.text)
    TIM_SelectCOM                            0x080028dd   Thumb Code    24  stm32f10x_tim.o(.text)
    TIM_SelectCCDMA                          0x080028f5   Thumb Code    24  stm32f10x_tim.o(.text)
    TIM_CCPreloadControl                     0x0800290d   Thumb Code    24  stm32f10x_tim.o(.text)
    TIM_OC1PreloadConfig                     0x08002925   Thumb Code    18  stm32f10x_tim.o(.text)
    TIM_OC2PreloadConfig                     0x08002937   Thumb Code    26  stm32f10x_tim.o(.text)
    TIM_OC3PreloadConfig                     0x08002951   Thumb Code    18  stm32f10x_tim.o(.text)
    TIM_OC4PreloadConfig                     0x08002963   Thumb Code    26  stm32f10x_tim.o(.text)
    TIM_OC1FastConfig                        0x0800297d   Thumb Code    18  stm32f10x_tim.o(.text)
    TIM_OC2FastConfig                        0x0800298f   Thumb Code    26  stm32f10x_tim.o(.text)
    TIM_OC3FastConfig                        0x080029a9   Thumb Code    18  stm32f10x_tim.o(.text)
    TIM_OC4FastConfig                        0x080029bb   Thumb Code    26  stm32f10x_tim.o(.text)
    TIM_ClearOC1Ref                          0x080029d5   Thumb Code    18  stm32f10x_tim.o(.text)
    TIM_ClearOC2Ref                          0x080029e7   Thumb Code    24  stm32f10x_tim.o(.text)
    TIM_ClearOC3Ref                          0x080029ff   Thumb Code    18  stm32f10x_tim.o(.text)
    TIM_ClearOC4Ref                          0x08002a11   Thumb Code    24  stm32f10x_tim.o(.text)
    TIM_OC1PolarityConfig                    0x08002a29   Thumb Code    18  stm32f10x_tim.o(.text)
    TIM_OC1NPolarityConfig                   0x08002a3b   Thumb Code    18  stm32f10x_tim.o(.text)
    TIM_OC2PolarityConfig                    0x08002a4d   Thumb Code    26  stm32f10x_tim.o(.text)
    TIM_OC2NPolarityConfig                   0x08002a67   Thumb Code    26  stm32f10x_tim.o(.text)
    TIM_OC3PolarityConfig                    0x08002a81   Thumb Code    26  stm32f10x_tim.o(.text)
    TIM_OC3NPolarityConfig                   0x08002a9b   Thumb Code    26  stm32f10x_tim.o(.text)
    TIM_OC4PolarityConfig                    0x08002ab5   Thumb Code    26  stm32f10x_tim.o(.text)
    TIM_CCxCmd                               0x08002acf   Thumb Code    26  stm32f10x_tim.o(.text)
    TIM_CCxNCmd                              0x08002ae9   Thumb Code    26  stm32f10x_tim.o(.text)
    TIM_SelectOCxM                           0x08002b03   Thumb Code   134  stm32f10x_tim.o(.text)
    TIM_UpdateDisableConfig                  0x08002b89   Thumb Code    24  stm32f10x_tim.o(.text)
    TIM_UpdateRequestConfig                  0x08002ba1   Thumb Code    24  stm32f10x_tim.o(.text)
    TIM_SelectHallSensor                     0x08002bb9   Thumb Code    24  stm32f10x_tim.o(.text)
    TIM_SelectOnePulseMode                   0x08002bd1   Thumb Code    18  stm32f10x_tim.o(.text)
    TIM_SelectOutputTrigger                  0x08002be3   Thumb Code    18  stm32f10x_tim.o(.text)
    TIM_SelectSlaveMode                      0x08002bf5   Thumb Code    18  stm32f10x_tim.o(.text)
    TIM_SelectMasterSlaveMode                0x08002c07   Thumb Code    18  stm32f10x_tim.o(.text)
    TIM_SetCounter                           0x08002c19   Thumb Code     4  stm32f10x_tim.o(.text)
    TIM_SetAutoreload                        0x08002c1d   Thumb Code     4  stm32f10x_tim.o(.text)
    TIM_SetCompare1                          0x08002c21   Thumb Code     4  stm32f10x_tim.o(.text)
    TIM_SetCompare2                          0x08002c25   Thumb Code     4  stm32f10x_tim.o(.text)
    TIM_SetCompare3                          0x08002c29   Thumb Code     4  stm32f10x_tim.o(.text)
    TIM_SetCompare4                          0x08002c2d   Thumb Code     6  stm32f10x_tim.o(.text)
    TIM_SetClockDivision                     0x08002c33   Thumb Code    14  stm32f10x_tim.o(.text)
    TIM_GetCapture1                          0x08002c41   Thumb Code     6  stm32f10x_tim.o(.text)
    TIM_GetCapture2                          0x08002c47   Thumb Code     6  stm32f10x_tim.o(.text)
    TIM_GetCapture3                          0x08002c4d   Thumb Code     6  stm32f10x_tim.o(.text)
    TIM_GetCapture4                          0x08002c53   Thumb Code     8  stm32f10x_tim.o(.text)
    TIM_GetCounter                           0x08002c5b   Thumb Code     6  stm32f10x_tim.o(.text)
    TIM_GetPrescaler                         0x08002c61   Thumb Code     6  stm32f10x_tim.o(.text)
    TIM_GetFlagStatus                        0x08002c67   Thumb Code    18  stm32f10x_tim.o(.text)
    TIM_ClearFlag                            0x08002c79   Thumb Code     6  stm32f10x_tim.o(.text)
    TIM_GetITStatus                          0x08002c7f   Thumb Code    34  stm32f10x_tim.o(.text)
    TIM_ClearITPendingBit                    0x08002ca1   Thumb Code     6  stm32f10x_tim.o(.text)
    SystemInit                               0x08002d8d   Thumb Code    68  system_stm32f10x.o(.text)
    __aeabi_fadd                             0x08002de1   Thumb Code   164  fadd.o(.text)
    __aeabi_fsub                             0x08002e85   Thumb Code     6  fadd.o(.text)
    __aeabi_frsub                            0x08002e8b   Thumb Code     6  fadd.o(.text)
    __aeabi_fmul                             0x08002e91   Thumb Code   100  fmul.o(.text)
    __aeabi_dadd                             0x08002ef5   Thumb Code   322  dadd.o(.text)
    __aeabi_dsub                             0x08003037   Thumb Code     6  dadd.o(.text)
    __aeabi_drsub                            0x0800303d   Thumb Code     6  dadd.o(.text)
    __aeabi_dmul                             0x08003043   Thumb Code   228  dmul.o(.text)
    __aeabi_ddiv                             0x08003127   Thumb Code   222  ddiv.o(.text)
    __aeabi_i2f                              0x08003205   Thumb Code    18  fflti.o(.text)
    __aeabi_ui2f                             0x08003217   Thumb Code    10  ffltui.o(.text)
    __aeabi_i2d                              0x08003221   Thumb Code    34  dflti.o(.text)
    __aeabi_ui2d                             0x08003243   Thumb Code    26  dfltui.o(.text)
    __aeabi_f2iz                             0x0800325d   Thumb Code    50  ffixi.o(.text)
    __aeabi_d2iz                             0x0800328f   Thumb Code    62  dfixi.o(.text)
    __aeabi_f2d                              0x080032cd   Thumb Code    38  f2d.o(.text)
    __aeabi_cdcmpeq                          0x080032f5   Thumb Code     0  cdcmple.o(.text)
    __aeabi_cdcmple                          0x080032f5   Thumb Code    38  cdcmple.o(.text)
    __aeabi_cdrcmple                         0x0800331d   Thumb Code    38  cdrcmple.o(.text)
    __aeabi_d2f                              0x08003345   Thumb Code    56  d2f.o(.text)
    __aeabi_cfcmpeq                          0x0800337d   Thumb Code     0  cfcmple.o(.text)
    __aeabi_cfcmple                          0x0800337d   Thumb Code    20  cfcmple.o(.text)
    __aeabi_cfrcmple                         0x08003391   Thumb Code    20  cfrcmple.o(.text)
    __aeabi_uidiv                            0x080033a5   Thumb Code     0  uidiv.o(.text)
    __aeabi_uidivmod                         0x080033a5   Thumb Code    44  uidiv.o(.text)
    __aeabi_llsl                             0x080033d1   Thumb Code    30  llshl.o(.text)
    _ll_shift_l                              0x080033d1   Thumb Code     0  llshl.o(.text)
    __aeabi_llsr                             0x080033ef   Thumb Code    32  llushr.o(.text)
    _ll_ushift_r                             0x080033ef   Thumb Code     0  llushr.o(.text)
    __aeabi_lasr                             0x0800340f   Thumb Code    36  llsshr.o(.text)
    _ll_sshift_r                             0x0800340f   Thumb Code     0  llsshr.o(.text)
    __I$use$fp                               0x08003433   Thumb Code     0  iusefp.o(.text)
    _float_round                             0x08003433   Thumb Code    18  fepilogue.o(.text)
    _float_epilogue                          0x08003445   Thumb Code    92  fepilogue.o(.text)
    _double_round                            0x080034a1   Thumb Code    26  depilogue.o(.text)
    _double_epilogue                         0x080034bb   Thumb Code   156  depilogue.o(.text)
    __ARM_scalbn                             0x08003557   Thumb Code    46  dscalb.o(.text)
    scalbn                                   0x08003557   Thumb Code     0  dscalb.o(.text)
    __scatterload                            0x08003585   Thumb Code    28  init.o(.text)
    __scatterload_rt2                        0x08003585   Thumb Code     0  init.o(.text)
    __decompress                             0x080035a9   Thumb Code     0  __dczerorl2.o(.text)
    __decompress1                            0x080035a9   Thumb Code    86  __dczerorl2.o(.text)
    __0printf$1                              0x08003601   Thumb Code    22  printf1.o(i.__0printf$1)
    __1printf$1                              0x08003601   Thumb Code     0  printf1.o(i.__0printf$1)
    __2printf                                0x08003601   Thumb Code     0  printf1.o(i.__0printf$1)
    __ARM_fpclassify                         0x08003621   Thumb Code    40  fpclassify.o(i.__ARM_fpclassify)
    __ieee754_rem_pio2                       0x08003649   Thumb Code   830  rred.o(i.__ieee754_rem_pio2)
    __kernel_cos                             0x080039d1   Thumb Code   230  cos_i.o(i.__kernel_cos)
    __kernel_poly                            0x08003acd   Thumb Code   170  poly.o(i.__kernel_poly)
    __kernel_sin                             0x08003b79   Thumb Code   224  sin_i.o(i.__kernel_sin)
    __mathlib_dbl_underflow                  0x08003c65   Thumb Code    10  dunder.o(i.__mathlib_dbl_underflow)
    __scatterload_copy                       0x08003c75   Thumb Code    14  handlers.o(i.__scatterload_copy)
    __scatterload_null                       0x08003c83   Thumb Code     2  handlers.o(i.__scatterload_null)
    __scatterload_zeroinit                   0x08003c85   Thumb Code    14  handlers.o(i.__scatterload_zeroinit)
    __set_errno                              0x08003c95   Thumb Code     6  errno.o(i.__set_errno)
    sin                                      0x08003df5   Thumb Code   166  sin.o(i.sin)
    Region$$Table$$Base                      0x08003fc8   Number         0  anon$$obj.o(Region$$Table)
    Region$$Table$$Limit                     0x08003fe8   Number         0  anon$$obj.o(Region$$Table)
    RxCounter                                0x20000000   Data           1  main.o(.data)
    ReceiveState                             0x20000001   Data           1  main.o(.data)
    i2                                       0x20000002   Data           1  main.o(.data)
    Q                                        0x20000004   Data           4  main.o(.data)
    time3                                    0x20000008   Data           4  main.o(.data)
    tem                                      0x20000010   Data           8  main.o(.data)
    temr                                     0x20000018   Data           4  main.o(.data)
    kv                                       0x2000001c   Data           4  main.o(.data)
    chazhi                                   0x20000020   Data           4  main.o(.data)
    s                                        0x20000024   Data           1  main.o(.data)
    avg_temp                                 0x20000026   Data           2  main.o(.data)
    Dime3                                    0x20000028   Data           4  main.o(.data)
    Dime                                     0x2000002c   Data           4  main.o(.data)
    str_temp                                 0x20000030   Data           4  main.o(.data)
    str_speed                                0x20000034   Data           4  main.o(.data)
    str_step                                 0x20000038   Data           4  main.o(.data)
    str_temp_dec                             0x2000003c   Data           4  main.o(.data)
    int_speed                                0x20000040   Data           4  main.o(.data)
    int_step                                 0x20000044   Data           4  main.o(.data)
    last_str_temp_dec                        0x20000048   Data           4  main.o(.data)
    gaol                                     0x2000004c   Data           4  main.o(.data)
    pwm                                      0x20000050   Data           4  main.o(.data)
    trail                                    0x20000054   Data           4  main.o(.data)
    trail2                                   0x20000058   Data           4  main.o(.data)
    i40to320                                 0x2000005c   Data           4  main.o(.data)
    keepp                                    0x20000060   Data           4  main.o(.data)
    max471                                   0x20000064   Data           4  main.o(.data)
    rrr                                      0x20000068   Data           4  main.o(.data)
    max4710                                  0x2000006c   Data           4  main.o(.data)
    pi                                       0x20000070   Data           4  main.o(.data)
    float_time                               0x20000074   Data           4  main.o(.data)
    io                                       0x20000078   Data           4  stm32f10x_it.o(.data)
    words                                    0x2000007c   Data           1  usart1.o(.data)
    ADC_ConvertedValue                       0x2000007e   Data           8  adc.o(.data)
    lastTime                                 0x20000088   Data           4  pid.o(.data)
    Output                                   0x20000090   Data           8  pid.o(.data)
    etSum                                    0x20000098   Data           8  pid.o(.data)
    lastErr                                  0x200000a0   Data           8  pid.o(.data)
    kp                                       0x200000a8   Data           8  pid.o(.data)
    ki                                       0x200000b0   Data           8  pid.o(.data)
    kd                                       0x200000b8   Data           8  pid.o(.data)
    dEt                                      0x200000c0   Data           8  pid.o(.data)
    et                                       0x200000c8   Data           8  pid.o(.data)
    t                                        0x200000d0   Data           8  pid.o(.data)
    A                                        0x200000d8   Data           8  pid.o(.data)
    T                                        0x200000e0   Data           8  pid.o(.data)
    w                                        0x200000e8   Data           8  pid.o(.data)
    angleLast                                0x200000f0   Data           4  pid.o(.data)
    angle                                    0x200000f4   Data           4  pid.o(.data)
    degreeLast                               0x200000f8   Data           4  pid.o(.data)
    degree                                   0x200000fc   Data           4  pid.o(.data)
    velocity                                 0x20000100   Data           4  pid.o(.data)
    error_p                                  0x20000104   Data           4  pid.o(.data)
    error_d                                  0x20000108   Data           4  pid.o(.data)
    error_i                                  0x2000010c   Data           4  pid.o(.data)
    myspeed                                  0x20000110   Data           4  pid.o(.data)
    l                                        0x20000114   Data           4  pid.o(.data)
    p                                        0x20000118   Data           4  pid.o(.data)
    timeChange                               0x20000120   Data           8  pid.o(.data)
    now                                      0x20000128   Data           4  pid.o(.data)
    OutputValue                              0x2000012c   Data           4  pid.o(.data)
    MaxValue                                 0x20000130   Data           4  pid.o(.data)
    MinValue                                 0x20000134   Data           4  pid.o(.data)
    __stdout                                 0x2000014c   Data           4  stdout.o(.data)
    aRxBuffer                                0x20000154   Data         100  main.o(.bss)
    position                                 0x200001b8   Data          10  main.o(.bss)
    speed                                    0x200001c2   Data          10  main.o(.bss)
    step                                     0x200001cc   Data          10  main.o(.bss)
    __initial_sp                             0x200003d8   Data           0  startup_stm32f10x_hd.o(STACK)



==============================================================================

Memory Map of the image

  Image Entry point : 0x08000131

  Load Region LR_IROM1 (Base: 0x08000000, Size: 0x0000413c, Max: 0x00010000, ABSOLUTE, COMPRESSED[0x00004020])

    Execution Region ER_IROM1 (Base: 0x08000000, Size: 0x00003fe8, Max: 0x00010000, ABSOLUTE)

    Base Addr    Size         Type   Attr      Idx    E Section Name        Object

    0x08000000   0x00000130   Data   RO            3    RESET               startup_stm32f10x_hd.o
    0x08000130   0x00000000   Code   RO          412  * .ARM.Collect$$$$00000000  mc_w.l(entry.o)
    0x08000130   0x00000004   Code   RO          726    .ARM.Collect$$$$00000001  mc_w.l(entry2.o)
    0x08000134   0x00000004   Code   RO          729    .ARM.Collect$$$$00000004  mc_w.l(entry5.o)
    0x08000138   0x00000000   Code   RO          731    .ARM.Collect$$$$00000008  mc_w.l(entry7b.o)
    0x08000138   0x00000000   Code   RO          733    .ARM.Collect$$$$0000000A  mc_w.l(entry8b.o)
    0x08000138   0x00000008   Code   RO          734    .ARM.Collect$$$$0000000B  mc_w.l(entry9a.o)
    0x08000140   0x00000000   Code   RO          736    .ARM.Collect$$$$0000000D  mc_w.l(entry10a.o)
    0x08000140   0x00000000   Code   RO          738    .ARM.Collect$$$$0000000F  mc_w.l(entry11a.o)
    0x08000140   0x00000004   Code   RO          727    .ARM.Collect$$$$00002712  mc_w.l(entry2.o)
    0x08000144   0x00000030   Code   RO            4    .text               startup_stm32f10x_hd.o
    0x08000174   0x00000284   Code   RO           10    .text               main.o
    0x080003f8   0x00000100   Code   RO           99    .text               stm32f10x_it.o
    0x080004f8   0x000001a4   Code   RO          121    .text               usart1.o
    0x0800069c   0x00000154   Code   RO          146    .text               adc.o
    0x080007f0   0x000000bc   Code   RO          161    .text               led.o
    0x080008ac   0x00000090   Code   RO          173    .text               timer3.o
    0x0800093c   0x00000288   Code   RO          185    .text               pwm_output.o
    0x08000bc4   0x00000390   Code   RO          219    .text               pid.o
    0x08000f54   0x00000330   Code   RO          251    .text               stm32f10x_gpio.o
    0x08001284   0x000003a0   Code   RO          263    .text               stm32f10x_rcc.o
    0x08001624   0x00000370   Code   RO          277    .text               stm32f10x_usart.o
    0x08001994   0x00000430   Code   RO          289    .text               stm32f10x_adc.o
    0x08001dc4   0x00000240   Code   RO          301    .text               stm32f10x_dma.o
    0x08002004   0x000000dc   Code   RO          340    .text               misc.o
    0x080020e0   0x00000bc6   Code   RO          352    .text               stm32f10x_tim.o
    0x08002ca6   0x00000002   PAD
    0x08002ca8   0x00000138   Code   RO          386    .text               system_stm32f10x.o
    0x08002de0   0x000000b0   Code   RO          678    .text               mf_w.l(fadd.o)
    0x08002e90   0x00000064   Code   RO          680    .text               mf_w.l(fmul.o)
    0x08002ef4   0x0000014e   Code   RO          682    .text               mf_w.l(dadd.o)
    0x08003042   0x000000e4   Code   RO          684    .text               mf_w.l(dmul.o)
    0x08003126   0x000000de   Code   RO          686    .text               mf_w.l(ddiv.o)
    0x08003204   0x00000012   Code   RO          688    .text               mf_w.l(fflti.o)
    0x08003216   0x0000000a   Code   RO          690    .text               mf_w.l(ffltui.o)
    0x08003220   0x00000022   Code   RO          692    .text               mf_w.l(dflti.o)
    0x08003242   0x0000001a   Code   RO          694    .text               mf_w.l(dfltui.o)
    0x0800325c   0x00000032   Code   RO          696    .text               mf_w.l(ffixi.o)
    0x0800328e   0x0000003e   Code   RO          698    .text               mf_w.l(dfixi.o)
    0x080032cc   0x00000026   Code   RO          700    .text               mf_w.l(f2d.o)
    0x080032f2   0x00000002   PAD
    0x080032f4   0x00000028   Code   RO          702    .text               mf_w.l(cdcmple.o)
    0x0800331c   0x00000028   Code   RO          704    .text               mf_w.l(cdrcmple.o)
    0x08003344   0x00000038   Code   RO          706    .text               mf_w.l(d2f.o)
    0x0800337c   0x00000014   Code   RO          708    .text               mf_w.l(cfcmple.o)
    0x08003390   0x00000014   Code   RO          710    .text               mf_w.l(cfrcmple.o)
    0x080033a4   0x0000002c   Code   RO          741    .text               mc_w.l(uidiv.o)
    0x080033d0   0x0000001e   Code   RO          745    .text               mc_w.l(llshl.o)
    0x080033ee   0x00000020   Code   RO          747    .text               mc_w.l(llushr.o)
    0x0800340e   0x00000024   Code   RO          749    .text               mc_w.l(llsshr.o)
    0x08003432   0x00000000   Code   RO          758    .text               mc_w.l(iusefp.o)
    0x08003432   0x0000006e   Code   RO          759    .text               mf_w.l(fepilogue.o)
    0x080034a0   0x000000b6   Code   RO          761    .text               mf_w.l(depilogue.o)
    0x08003556   0x0000002e   Code   RO          763    .text               mf_w.l(dscalb.o)
    0x08003584   0x00000024   Code   RO          773    .text               mc_w.l(init.o)
    0x080035a8   0x00000056   Code   RO          783    .text               mc_w.l(__dczerorl2.o)
    0x080035fe   0x00000002   PAD
    0x08003600   0x00000020   Code   RO          462    i.__0printf$1       mc_w.l(printf1.o)
    0x08003620   0x00000028   Code   RO          769    i.__ARM_fpclassify  m_ws.l(fpclassify.o)
    0x08003648   0x00000388   Code   RO          715    i.__ieee754_rem_pio2  m_ws.l(rred.o)
    0x080039d0   0x000000fc   Code   RO          712    i.__kernel_cos      m_ws.l(cos_i.o)
    0x08003acc   0x000000aa   Code   RO          771    i.__kernel_poly     m_ws.l(poly.o)
    0x08003b76   0x00000002   PAD
    0x08003b78   0x000000ec   Code   RO          720    i.__kernel_sin      m_ws.l(sin_i.o)
    0x08003c64   0x00000010   Code   RO          767    i.__mathlib_dbl_underflow  m_ws.l(dunder.o)
    0x08003c74   0x0000000e   Code   RO          777    i.__scatterload_copy  mc_w.l(handlers.o)
    0x08003c82   0x00000002   Code   RO          778    i.__scatterload_null  mc_w.l(handlers.o)
    0x08003c84   0x0000000e   Code   RO          779    i.__scatterload_zeroinit  mc_w.l(handlers.o)
    0x08003c92   0x00000002   PAD
    0x08003c94   0x0000000c   Code   RO          753    i.__set_errno       mc_w.l(errno.o)
    0x08003ca0   0x00000154   Code   RO          469    i._printf_core      mc_w.l(printf1.o)
    0x08003df4   0x000000b0   Code   RO          405    i.sin               m_ws.l(sin.o)
    0x08003ea4   0x00000004   PAD
    0x08003ea8   0x00000030   Data   RO          713    .constdata          m_ws.l(cos_i.o)
    0x08003ed8   0x000000c8   Data   RO          717    .constdata          m_ws.l(rred.o)
    0x08003fa0   0x00000028   Data   RO          721    .constdata          m_ws.l(sin_i.o)
    0x08003fc8   0x00000020   Data   RO          775    Region$$Table       anon$$obj.o


    Execution Region RW_IRAM1 (Base: 0x20000000, Size: 0x000003d8, Max: 0x00005000, ABSOLUTE, COMPRESSED[0x00000038])

    Base Addr    Size         Type   Attr      Idx    E Section Name        Object

    0x20000000   0x00000078   Data   RW           12    .data               main.o
    0x20000078   0x00000004   Data   RW          100    .data               stm32f10x_it.o
    0x2000007c   0x00000001   Data   RW          122    .data               usart1.o
    0x2000007d   0x00000001   PAD
    0x2000007e   0x00000008   Data   RW          147    .data               adc.o
    0x20000086   0x00000002   PAD
    0x20000088   0x000000b0   Data   RW          221    .data               pid.o
    0x20000138   0x00000014   Data   RW          264    .data               stm32f10x_rcc.o
    0x2000014c   0x00000004   Data   RW          740    .data               mc_w.l(stdout.o)
    0x20000150   0x00000004   Data   RW          754    .data               mc_w.l(errno.o)
    0x20000154   0x00000082   Zero   RW           11    .bss                main.o
    0x200001d6   0x00000002   PAD
    0x200001d8   0x00000200   Zero   RW            1    STACK               startup_stm32f10x_hd.o


==============================================================================

Image component sizes


      Code (inc. data)   RO Data    RW Data    ZI Data      Debug   Object Name

       340         16          0          8          0       1851   adc.o
       188          6          0          0          0       1396   led.o
       644        142          0        120        130     270191   main.o
       220         22          0          0          0       1969   misc.o
       912         92          0        176          0       3538   pid.o
       648         18          0          0          0       2814   pwm_output.o
        48         12        304          0        512        976   startup_stm32f10x_hd.o
      1072         20          0          0          0      10905   stm32f10x_adc.o
       576         16          0          0          0       3687   stm32f10x_dma.o
       816         18          0          0          0       5339   stm32f10x_gpio.o
       256         42          0          4          0       2041   stm32f10x_it.o
       928         36          0         20          0       9080   stm32f10x_rcc.o
      3014         16          0          0          0      24044   stm32f10x_tim.o
       880         12          0          0          0       7951   stm32f10x_usart.o
       312         16          0          0          0       1397   system_stm32f10x.o
       144          4          0          0          0        809   timer3.o
       420         12          0          1          0       6051   usart1.o

    ----------------------------------------------------------------------
     11420        500        336        332        644     354039   Object Totals
         0          0         32          0          0          0   (incl. Generated)
         2          0          0          3          2          0   (incl. Padding)

    ----------------------------------------------------------------------

      Code (inc. data)   RO Data    RW Data    ZI Data      Debug   Library Member Name

       252         22         48          0          0        124   cos_i.o
        16          6          0          0          0         68   dunder.o
        40          0          0          0          0         68   fpclassify.o
       170          0          0          0          0         96   poly.o
       904         74        200          0          0        140   rred.o
       176         10          0          0          0        116   sin.o
       236         12         40          0          0        128   sin_i.o
        86          0          0          0          0          0   __dczerorl2.o
         0          0          0          0          0          0   entry.o
         0          0          0          0          0          0   entry10a.o
         0          0          0          0          0          0   entry11a.o
         8          4          0          0          0          0   entry2.o
         4          0          0          0          0          0   entry5.o
         0          0          0          0          0          0   entry7b.o
         0          0          0          0          0          0   entry8b.o
         8          4          0          0          0          0   entry9a.o
        12          6          0          4          0         68   errno.o
        30          0          0          0          0          0   handlers.o
        36          8          0          0          0         68   init.o
         0          0          0          0          0          0   iusefp.o
        30          0          0          0          0         68   llshl.o
        36          0          0          0          0         68   llsshr.o
        32          0          0          0          0         68   llushr.o
       372         14          0          0          0        184   printf1.o
         0          0          0          4          0          0   stdout.o
        44          0          0          0          0         80   uidiv.o
        40          2          0          0          0         68   cdcmple.o
        40          2          0          0          0         68   cdrcmple.o
        20          0          0          0          0         68   cfcmple.o
        20          0          0          0          0         68   cfrcmple.o
        56          0          0          0          0         88   d2f.o
       334          0          0          0          0        148   dadd.o
       222          0          0          0          0        100   ddiv.o
       182          0          0          0          0        176   depilogue.o
        62          0          0          0          0         80   dfixi.o
        34          0          0          0          0         76   dflti.o
        26          0          0          0          0         76   dfltui.o
       228          0          0          0          0         96   dmul.o
        46          0          0          0          0         80   dscalb.o
        38          0          0          0          0         68   f2d.o
       176          0          0          0          0        140   fadd.o
       110          0          0          0          0        168   fepilogue.o
        50          0          0          0          0         68   ffixi.o
        18          0          0          0          0         68   fflti.o
        10          0          0          0          0         68   ffltui.o
       100          0          0          0          0         76   fmul.o

    ----------------------------------------------------------------------
      4316        168        288          8          0       3192   Library Totals
        12          4          0          0          0          0   (incl. Padding)

    ----------------------------------------------------------------------

      Code (inc. data)   RO Data    RW Data    ZI Data      Debug   Library Name

      1794        124        288          0          0        740   m_ws.l
       698         36          0          8          0        604   mc_w.l
      1812          4          0          0          0       1848   mf_w.l

    ----------------------------------------------------------------------
      4316        168        288          8          0       3192   Library Totals

    ----------------------------------------------------------------------

==============================================================================


      Code (inc. data)   RO Data    RW Data    ZI Data      Debug   

     15736        668        624        340        644     354083   Grand Totals
     15736        668        624         56        644     354083   ELF Image Totals (compressed)
     15736        668        624         56          0          0   ROM Totals

==============================================================================

    Total RO  Size (Code + RO Data)                16360 (  15.98kB)
    Total RW  Size (RW Data + ZI Data)               984 (   0.96kB)
    Total ROM Size (Code + RO Data + RW Data)      16416 (  16.03kB)

==============================================================================

